Archive member included to satisfy reference by file (symbol)

/usr/local/gcc-arm-none-eabi-5_2-2015q4/bin/../lib/gcc/arm-none-eabi/5.2.1/armv7e-m/fpu/fpv5-sp-d16/libgcc.a(_aeabi_uldivmod.o)
                              .objs/CMSIS-SP-00300-r4p5-00rel0/CMSIS/RTOS/RTX/SRC/rt_CMSIS.o (__aeabi_uldivmod)
/usr/local/gcc-arm-none-eabi-5_2-2015q4/bin/../lib/gcc/arm-none-eabi/5.2.1/armv7e-m/fpu/fpv5-sp-d16/libgcc.a(_udivmoddi4.o)
                              /usr/local/gcc-arm-none-eabi-5_2-2015q4/bin/../lib/gcc/arm-none-eabi/5.2.1/armv7e-m/fpu/fpv5-sp-d16/libgcc.a(_aeabi_uldivmod.o) (__udivmoddi4)
/usr/local/gcc-arm-none-eabi-5_2-2015q4/bin/../lib/gcc/arm-none-eabi/5.2.1/armv7e-m/fpu/fpv5-sp-d16/libgcc.a(unwind-arm.o)
                              .objs/CMSIS-SP-00300-r4p5-00rel0/CMSIS/RTOS/RTX/SRC/rt_CMSIS.o (__aeabi_unwind_cpp_pr0)
/usr/local/gcc-arm-none-eabi-5_2-2015q4/bin/../lib/gcc/arm-none-eabi/5.2.1/armv7e-m/fpu/fpv5-sp-d16/libgcc.a(libunwind.o)
                              /usr/local/gcc-arm-none-eabi-5_2-2015q4/bin/../lib/gcc/arm-none-eabi/5.2.1/armv7e-m/fpu/fpv5-sp-d16/libgcc.a(unwind-arm.o) (restore_core_regs)
/usr/local/gcc-arm-none-eabi-5_2-2015q4/bin/../lib/gcc/arm-none-eabi/5.2.1/armv7e-m/fpu/fpv5-sp-d16/libgcc.a(pr-support.o)
                              /usr/local/gcc-arm-none-eabi-5_2-2015q4/bin/../lib/gcc/arm-none-eabi/5.2.1/armv7e-m/fpu/fpv5-sp-d16/libgcc.a(unwind-arm.o) (__gnu_unwind_execute)
/usr/local/gcc-arm-none-eabi-5_2-2015q4/bin/../lib/gcc/arm-none-eabi/5.2.1/armv7e-m/fpu/fpv5-sp-d16/libgcc.a(_dvmd_tls.o)
                              /usr/local/gcc-arm-none-eabi-5_2-2015q4/bin/../lib/gcc/arm-none-eabi/5.2.1/armv7e-m/fpu/fpv5-sp-d16/libgcc.a(_aeabi_uldivmod.o) (__aeabi_ldiv0)
/usr/local/gcc-arm-none-eabi-5_2-2015q4/bin/../lib/gcc/arm-none-eabi/5.2.1/../../../../arm-none-eabi/lib/armv7e-m/fpu/fpv5-sp-d16/libg_nano.a(lib_a-abort.o)
                              /usr/local/gcc-arm-none-eabi-5_2-2015q4/bin/../lib/gcc/arm-none-eabi/5.2.1/armv7e-m/fpu/fpv5-sp-d16/libgcc.a(unwind-arm.o) (abort)
/usr/local/gcc-arm-none-eabi-5_2-2015q4/bin/../lib/gcc/arm-none-eabi/5.2.1/../../../../arm-none-eabi/lib/armv7e-m/fpu/fpv5-sp-d16/libg_nano.a(lib_a-atexit.o)
                              .objs/main.o (atexit)
/usr/local/gcc-arm-none-eabi-5_2-2015q4/bin/../lib/gcc/arm-none-eabi/5.2.1/../../../../arm-none-eabi/lib/armv7e-m/fpu/fpv5-sp-d16/libg_nano.a(lib_a-bzero.o)
                              .objs/usart1.o (bzero)
/usr/local/gcc-arm-none-eabi-5_2-2015q4/bin/../lib/gcc/arm-none-eabi/5.2.1/../../../../arm-none-eabi/lib/armv7e-m/fpu/fpv5-sp-d16/libg_nano.a(lib_a-exit.o)
                              /usr/local/gcc-arm-none-eabi-5_2-2015q4/bin/../lib/gcc/arm-none-eabi/5.2.1/../../../../arm-none-eabi/lib/armv7e-m/fpu/fpv5-sp-d16/crt0.o (exit)
/usr/local/gcc-arm-none-eabi-5_2-2015q4/bin/../lib/gcc/arm-none-eabi/5.2.1/../../../../arm-none-eabi/lib/armv7e-m/fpu/fpv5-sp-d16/libg_nano.a(lib_a-fini.o)
                              .objs/main.o (__libc_fini_array)
/usr/local/gcc-arm-none-eabi-5_2-2015q4/bin/../lib/gcc/arm-none-eabi/5.2.1/../../../../arm-none-eabi/lib/armv7e-m/fpu/fpv5-sp-d16/libg_nano.a(lib_a-impure.o)
                              /usr/local/gcc-arm-none-eabi-5_2-2015q4/bin/../lib/gcc/arm-none-eabi/5.2.1/../../../../arm-none-eabi/lib/armv7e-m/fpu/fpv5-sp-d16/libg_nano.a(lib_a-exit.o) (_global_impure_ptr)
/usr/local/gcc-arm-none-eabi-5_2-2015q4/bin/../lib/gcc/arm-none-eabi/5.2.1/../../../../arm-none-eabi/lib/armv7e-m/fpu/fpv5-sp-d16/libg_nano.a(lib_a-init.o)
                              /usr/local/gcc-arm-none-eabi-5_2-2015q4/bin/../lib/gcc/arm-none-eabi/5.2.1/../../../../arm-none-eabi/lib/armv7e-m/fpu/fpv5-sp-d16/crt0.o (__libc_init_array)
/usr/local/gcc-arm-none-eabi-5_2-2015q4/bin/../lib/gcc/arm-none-eabi/5.2.1/../../../../arm-none-eabi/lib/armv7e-m/fpu/fpv5-sp-d16/libg_nano.a(lib_a-memcpy-stub.o)
                              .objs/cc2520.o (memcpy)
/usr/local/gcc-arm-none-eabi-5_2-2015q4/bin/../lib/gcc/arm-none-eabi/5.2.1/../../../../arm-none-eabi/lib/armv7e-m/fpu/fpv5-sp-d16/libg_nano.a(lib_a-memset.o)
                              /usr/local/gcc-arm-none-eabi-5_2-2015q4/bin/../lib/gcc/arm-none-eabi/5.2.1/../../../../arm-none-eabi/lib/armv7e-m/fpu/fpv5-sp-d16/crt0.o (memset)
/usr/local/gcc-arm-none-eabi-5_2-2015q4/bin/../lib/gcc/arm-none-eabi/5.2.1/../../../../arm-none-eabi/lib/armv7e-m/fpu/fpv5-sp-d16/libg_nano.a(lib_a-printf.o)
                              .objs/main.o (printf)
/usr/local/gcc-arm-none-eabi-5_2-2015q4/bin/../lib/gcc/arm-none-eabi/5.2.1/../../../../arm-none-eabi/lib/armv7e-m/fpu/fpv5-sp-d16/libg_nano.a(lib_a-puts.o)
                              .objs/main.o (puts)
/usr/local/gcc-arm-none-eabi-5_2-2015q4/bin/../lib/gcc/arm-none-eabi/5.2.1/../../../../arm-none-eabi/lib/armv7e-m/fpu/fpv5-sp-d16/libg_nano.a(lib_a-signal.o)
[...]
Memory Configuration

Name             Origin             Length             Attributes
FLASH            0x0000000008000000 0x0000000000010000 xr
RAM              0x0000000020000000 0x0000000000004000 xrw
*default*        0x0000000000000000 0xffffffffffffffff

Linker script and memory map

LOAD /usr/local/gcc-arm-none-eabi-5_2-2015q4/bin/../lib/gcc/arm-none-eabi/5.2.1/armv7e-m/fpu/fpv5-sp-d16/crti.o
LOAD /usr/local/gcc-arm-none-eabi-5_2-2015q4/bin/../lib/gcc/arm-none-eabi/5.2.1/armv7e-m/fpu/fpv5-sp-d16/crtbegin.o
LOAD /usr/local/gcc-arm-none-eabi-5_2-2015q4/bin/../lib/gcc/arm-none-eabi/5.2.1/../../../../arm-none-eabi/lib/armv7e-m/fpu/fpv5-sp-d16/crt0.o
LOAD .objs/CMSIS-SP-00300-r4p5-00rel0/CMSIS/RTOS/RTX/SRC/HAL_CM.o
LOAD .objs/CMSIS-SP-00300-r4p5-00rel0/CMSIS/RTOS/RTX/SRC/rt_CMSIS.o
LOAD .objs/CMSIS-SP-00300-r4p5-00rel0/CMSIS/RTOS/RTX/SRC/rt_Event.o
LOAD .objs/CMSIS-SP-00300-r4p5-00rel0/CMSIS/RTOS/RTX/SRC/rt_List.o
LOAD .objs/CMSIS-SP-00300-r4p5-00rel0/CMSIS/RTOS/RTX/SRC/rt_Mailbox.o
LOAD .objs/CMSIS-SP-00300-r4p5-00rel0/CMSIS/RTOS/RTX/SRC/rt_MemBox.o
LOAD .objs/CMSIS-SP-00300-r4p5-00rel0/CMSIS/RTOS/RTX/SRC/rt_Memory.o
LOAD .objs/CMSIS-SP-00300-r4p5-00rel0/CMSIS/RTOS/RTX/SRC/rt_Mutex.o
LOAD .objs/CMSIS-SP-00300-r4p5-00rel0/CMSIS/RTOS/RTX/SRC/rt_Robin.o
LOAD .objs/CMSIS-SP-00300-r4p5-00rel0/CMSIS/RTOS/RTX/SRC/rt_Semaphore.o
LOAD .objs/CMSIS-SP-00300-r4p5-00rel0/CMSIS/RTOS/RTX/SRC/rt_System.o
LOAD .objs/CMSIS-SP-00300-r4p5-00rel0/CMSIS/RTOS/RTX/SRC/rt_Task.o
LOAD .objs/CMSIS-SP-00300-r4p5-00rel0/CMSIS/RTOS/RTX/SRC/rt_Time.o
LOAD .objs/CMSIS-SP-00300-r4p5-00rel0/CMSIS/RTOS/RTX/SRC/rt_Timer.o
LOAD .objs/CMSIS-SP-00300-r4p5-00rel0/CMSIS/DSP_Lib/Source/FastMathFunctions/arm_sin_f32.o
LOAD .objs/CMSIS-SP-00300-r4p5-00rel0/CMSIS/DSP_Lib/Source/CommonTables/arm_common_tables.o
LOAD .objs/main.o
LOAD .objs/syscalls.o
LOAD .objs/usart1.o
LOAD .objs/timers.o
LOAD .objs/neopixel_rgbw.o
LOAD .objs/cc2520.o
LOAD /var/folders/5v/vw99x5bd2c506kbq14ntyw6w0000gn/T//ccqWBU8x.o
LOAD /var/folders/5v/vw99x5bd2c506kbq14ntyw6w0000gn/T//ccP251Gt.o
LOAD /var/folders/5v/vw99x5bd2c506kbq14ntyw6w0000gn/T//cceKj7kr.o
START GROUP
LOAD /usr/local/gcc-arm-none-eabi-5_2-2015q4/bin/../lib/gcc/arm-none-eabi/5.2.1/armv7e-m/fpu/fpv5-sp-d16/libgcc.a
LOAD /usr/local/gcc-arm-none-eabi-5_2-2015q4/bin/../lib/gcc/arm-none-eabi/5.2.1/../../../../arm-none-eabi/lib/armv7e-m/fpu/fpv5-sp-d16/libg_nano.a
LOAD /usr/local/gcc-arm-none-eabi-5_2-2015q4/bin/../lib/gcc/arm-none-eabi/5.2.1/../../../../arm-none-eabi/lib/armv7e-m/fpu/fpv5-sp-d16/libc_nano.a
END GROUP
START GROUP
LOAD /usr/local/gcc-arm-none-eabi-5_2-2015q4/bin/../lib/gcc/arm-none-eabi/5.2.1/armv7e-m/fpu/fpv5-sp-d16/libgcc.a
LOAD /usr/local/gcc-arm-none-eabi-5_2-2015q4/bin/../lib/gcc/arm-none-eabi/5.2.1/../../../../arm-none-eabi/lib/armv7e-m/fpu/fpv5-sp-d16/libc_nano.a
LOAD /usr/local/gcc-arm-none-eabi-5_2-2015q4/bin/../lib/gcc/arm-none-eabi/5.2.1/../../../../arm-none-eabi/lib/armv7e-m/fpu/fpv5-sp-d16/libnosys.a
END GROUP
START GROUP
LOAD /usr/local/gcc-arm-none-eabi-5_2-2015q4/bin/../lib/gcc/arm-none-eabi/5.2.1/armv7e-m/fpu/fpv5-sp-d16/libgcc.a
LOAD /usr/local/gcc-arm-none-eabi-5_2-2015q4/bin/../lib/gcc/arm-none-eabi/5.2.1/../../../../arm-none-eabi/lib/armv7e-m/fpu/fpv5-sp-d16/libc_nano.a
LOAD /usr/local/gcc-arm-none-eabi-5_2-2015q4/bin/../lib/gcc/arm-none-eabi/5.2.1/../../../../arm-none-eabi/lib/armv7e-m/fpu/fpv5-sp-d16/libnosys.a
END GROUP
LOAD /usr/local/gcc-arm-none-eabi-5_2-2015q4/bin/../lib/gcc/arm-none-eabi/5.2.1/armv7e-m/fpu/fpv5-sp-d16/crtend.o
LOAD /usr/local/gcc-arm-none-eabi-5_2-2015q4/bin/../lib/gcc/arm-none-eabi/5.2.1/armv7e-m/fpu/fpv5-sp-d16/crtn.o
                0x0000000020004000                _estack = 0x20004000

.isr_vector     0x0000000008000000      0x188
                0x0000000008000000                . = ALIGN (0x4)
 *(.isr_vector)
 .isr_vector    0x0000000008000000      0x188 /var/folders/5v/vw99x5bd2c506kbq14ntyw6w0000gn/T//ccP251Gt.o
                0x0000000008000000                g_pfnVectors
                0x0000000008000188                . = ALIGN (0x4)

.ARM.extab.text.rt_init_stack
                0x0000000008000188        0xc
 .ARM.extab.text.rt_init_stack
                0x0000000008000188        0xc .objs/CMSIS-SP-00300-r4p5-00rel0/CMSIS/RTOS/RTX/SRC/HAL_CM.o

.ARM.extab.text.rt_ret_regs
                0x0000000008000194        0xc
 .ARM.extab.text.rt_ret_regs
                0x0000000008000194        0xc .objs/CMSIS-SP-00300-r4p5-00rel0/CMSIS/RTOS/RTX/SRC/HAL_CM.o

.ARM.extab.text.rt_ret_val
                0x00000000080001a0        0xc
 .ARM.extab.text.rt_ret_val
                0x00000000080001a0        0xc .objs/CMSIS-SP-00300-r4p5-00rel0/CMSIS/RTOS/RTX/SRC/HAL_CM.o

.ARM.extab.text.rt_ret_val2
                0x00000000080001ac        0xc
 .ARM.extab.text.rt_ret_val2
                0x00000000080001ac        0xc .objs/CMSIS-SP-00300-r4p5-00rel0/CMSIS/RTOS/RTX/SRC/HAL_CM.o

.ARM.extab.text.rt_ms2tick
                0x00000000080001b8        0xc
 .ARM.extab.text.rt_ms2tick
                0x00000000080001b8        0xc .objs/CMSIS-SP-00300-r4p5-00rel0/CMSIS/RTOS/RTX/SRC/rt_CMSIS.o

.ARM.extab.text.rt_tid2ptcb
                0x00000000080001c4        0xc
 .ARM.extab.text.rt_tid2ptcb
                0x00000000080001c4        0xc .objs/CMSIS-SP-00300-r4p5-00rel0/CMSIS/RTOS/RTX/SRC/rt_CMSIS.o

.ARM.extab.text.rt_id2obj
                0x00000000080001d0        0xc
 .ARM.extab.text.rt_id2obj
                0x00000000080001d0        0xc .objs/CMSIS-SP-00300-r4p5-00rel0/CMSIS/RTOS/RTX/SRC/rt_CMSIS.o

.ARM.extab.text.svcKernelInitialize
                0x00000000080001dc        0xc
 .ARM.extab.text.svcKernelInitialize
                0x00000000080001dc        0xc .objs/CMSIS-SP-00300-r4p5-00rel0/CMSIS/RTOS/RTX/SRC/rt_CMSIS.o

.ARM.extab.text.svcKernelStart
                0x00000000080001e8        0xc
 .ARM.extab.text.svcKernelStart
                0x00000000080001e8        0xc .objs/CMSIS-SP-00300-r4p5-00rel0/CMSIS/RTOS/RTX/SRC/rt_CMSIS.o

.ARM.extab.text.osKernelInitialize
                0x00000000080001f4        0xc
 .ARM.extab.text.osKernelInitialize
                0x00000000080001f4        0xc .objs/CMSIS-SP-00300-r4p5-00rel0/CMSIS/RTOS/RTX/SRC/rt_CMSIS.o

.ARM.extab.text.osKernelStart
                0x0000000008000200        0xc
 .ARM.extab.text.osKernelStart
                0x0000000008000200        0xc .objs/CMSIS-SP-00300-r4p5-00rel0/CMSIS/RTOS/RTX/SRC/rt_CMSIS.o

.ARM.extab.text.sysThreadError
                0x000000000800020c        0xc
 .ARM.extab.text.sysThreadError
                0x000000000800020c        0xc .objs/CMSIS-SP-00300-r4p5-00rel0/CMSIS/RTOS/RTX/SRC/rt_CMSIS.o

.ARM.extab.text.svcThreadCreate
                0x0000000008000218        0xc
 .ARM.extab.text.svcThreadCreate
                0x0000000008000218        0xc .objs/CMSIS-SP-00300-r4p5-00rel0/CMSIS/RTOS/RTX/SRC/rt_CMSIS.o

.ARM.extab.text.svcThreadGetId
                0x0000000008000224        0xc
 .ARM.extab.text.svcThreadGetId
                0x0000000008000224        0xc .objs/CMSIS-SP-00300-r4p5-00rel0/CMSIS/RTOS/RTX/SRC/rt_CMSIS.o

.ARM.extab.text.svcThreadTerminate
                0x0000000008000230        0xc
 .ARM.extab.text.svcThreadTerminate
                0x0000000008000230        0xc .objs/CMSIS-SP-00300-r4p5-00rel0/CMSIS/RTOS/RTX/SRC/rt_CMSIS.o

.ARM.extab.text.osThreadCreate
                0x000000000800023c        0xc
 .ARM.extab.text.osThreadCreate
                0x000000000800023c        0xc .objs/CMSIS-SP-00300-r4p5-00rel0/CMSIS/RTOS/RTX/SRC/rt_CMSIS.o

.ARM.extab.text.osThreadYield
                0x0000000008000248        0xc
 .ARM.extab.text.osThreadYield
                0x0000000008000248        0xc .objs/CMSIS-SP-00300-r4p5-00rel0/CMSIS/RTOS/RTX/SRC/rt_CMSIS.o

.ARM.extab.text.osThreadExit
                0x0000000008000254        0xc
 .ARM.extab.text.osThreadExit
                0x0000000008000254        0xc .objs/CMSIS-SP-00300-r4p5-00rel0/CMSIS/RTOS/RTX/SRC/rt_CMSIS.o

.ARM.extab.text.svcDelay
                0x0000000008000260        0xc
 .ARM.extab.text.svcDelay
                0x0000000008000260        0xc .objs/CMSIS-SP-00300-r4p5-00rel0/CMSIS/RTOS/RTX/SRC/rt_CMSIS.o

.ARM.extab.text.osDelay
                0x000000000800026c        0xc
 .ARM.extab.text.osDelay
                0x000000000800026c        0xc .objs/CMSIS-SP-00300-r4p5-00rel0/CMSIS/RTOS/RTX/SRC/rt_CMSIS.o

.ARM.extab.text.rt_timer_insert
                0x0000000008000278        0xc
 .ARM.extab.text.rt_timer_insert
                0x0000000008000278        0xc .objs/CMSIS-SP-00300-r4p5-00rel0/CMSIS/RTOS/RTX/SRC/rt_CMSIS.o

.ARM.extab.text.svcTimerCall
                0x0000000008000284        0xc
 .ARM.extab.text.svcTimerCall
                0x0000000008000284        0xc .objs/CMSIS-SP-00300-r4p5-00rel0/CMSIS/RTOS/RTX/SRC/rt_CMSIS.o

.ARM.extab.text.sysTimerTick
                0x0000000008000290        0xc
 .ARM.extab.text.sysTimerTick
                0x0000000008000290        0xc .objs/CMSIS-SP-00300-r4p5-00rel0/CMSIS/RTOS/RTX/SRC/rt_CMSIS.o

.ARM.extab.text.osTimerCall
                0x000000000800029c        0xc
 .ARM.extab.text.osTimerCall
                0x000000000800029c        0xc .objs/CMSIS-SP-00300-r4p5-00rel0/CMSIS/RTOS/RTX/SRC/rt_CMSIS.o

.ARM.extab.text.osTimerThread
                0x00000000080002a8        0xc
 .ARM.extab.text.osTimerThread
                0x00000000080002a8        0xc .objs/CMSIS-SP-00300-r4p5-00rel0/CMSIS/RTOS/RTX/SRC/rt_CMSIS.o

.ARM.extab.text.svcMessageCreate
                0x00000000080002b4        0xc
 .ARM.extab.text.svcMessageCreate
                0x00000000080002b4        0xc .objs/CMSIS-SP-00300-r4p5-00rel0/CMSIS/RTOS/RTX/SRC/rt_CMSIS.o

.ARM.extab.text.isrMessagePut
                0x00000000080002c0        0xc
 .ARM.extab.text.isrMessagePut
                0x00000000080002c0        0xc .objs/CMSIS-SP-00300-r4p5-00rel0/CMSIS/RTOS/RTX/SRC/rt_CMSIS.o

.ARM.extab.text.isrMessageGet
                0x00000000080002cc        0xc
 .ARM.extab.text.isrMessageGet
                0x00000000080002cc        0xc .objs/CMSIS-SP-00300-r4p5-00rel0/CMSIS/RTOS/RTX/SRC/rt_CMSIS.o

.ARM.extab.text.osMessageGet
                0x00000000080002d8        0xc
 .ARM.extab.text.osMessageGet
                0x00000000080002d8        0xc .objs/CMSIS-SP-00300-r4p5-00rel0/CMSIS/RTOS/RTX/SRC/rt_CMSIS.o

.ARM.extab.text.rt_evt_psh
                0x00000000080002e4        0xc
 .ARM.extab.text.rt_evt_psh
                0x00000000080002e4        0xc .objs/CMSIS-SP-00300-r4p5-00rel0/CMSIS/RTOS/RTX/SRC/rt_Event.o

.ARM.extab.text.rt_inc_qi
                0x00000000080002f0        0xc
 .ARM.extab.text.rt_inc_qi
                0x00000000080002f0        0xc .objs/CMSIS-SP-00300-r4p5-00rel0/CMSIS/RTOS/RTX/SRC/rt_List.o

.ARM.extab.text.rt_put_prio
                0x00000000080002fc        0xc
 .ARM.extab.text.rt_put_prio
                0x00000000080002fc        0xc .objs/CMSIS-SP-00300-r4p5-00rel0/CMSIS/RTOS/RTX/SRC/rt_List.o

.ARM.extab.text.rt_get_first
                0x0000000008000308        0xc
 .ARM.extab.text.rt_get_first
                0x0000000008000308        0xc .objs/CMSIS-SP-00300-r4p5-00rel0/CMSIS/RTOS/RTX/SRC/rt_List.o

.ARM.extab.text.rt_put_rdy_first
                0x0000000008000314        0xc
 .ARM.extab.text.rt_put_rdy_first
                0x0000000008000314        0xc .objs/CMSIS-SP-00300-r4p5-00rel0/CMSIS/RTOS/RTX/SRC/rt_List.o

.ARM.extab.text.rt_get_same_rdy_prio
                0x0000000008000320        0xc
 .ARM.extab.text.rt_get_same_rdy_prio
                0x0000000008000320        0xc .objs/CMSIS-SP-00300-r4p5-00rel0/CMSIS/RTOS/RTX/SRC/rt_List.o

.ARM.extab.text.rt_resort_prio
                0x000000000800032c        0xc
 .ARM.extab.text.rt_resort_prio
                0x000000000800032c        0xc .objs/CMSIS-SP-00300-r4p5-00rel0/CMSIS/RTOS/RTX/SRC/rt_List.o

.ARM.extab.text.rt_put_dly
                0x0000000008000338        0xc
 .ARM.extab.text.rt_put_dly
                0x0000000008000338        0xc .objs/CMSIS-SP-00300-r4p5-00rel0/CMSIS/RTOS/RTX/SRC/rt_List.o

.ARM.extab.text.rt_dec_dly
                0x0000000008000344        0xc
 .ARM.extab.text.rt_dec_dly
                0x0000000008000344        0xc .objs/CMSIS-SP-00300-r4p5-00rel0/CMSIS/RTOS/RTX/SRC/rt_List.o

.ARM.extab.text.rt_rmv_list
                0x0000000008000350        0xc
 .ARM.extab.text.rt_rmv_list
                0x0000000008000350        0xc .objs/CMSIS-SP-00300-r4p5-00rel0/CMSIS/RTOS/RTX/SRC/rt_List.o

.ARM.extab.text.rt_rmv_dly
                0x000000000800035c        0xc
 .ARM.extab.text.rt_rmv_dly
                0x000000000800035c        0xc .objs/CMSIS-SP-00300-r4p5-00rel0/CMSIS/RTOS/RTX/SRC/rt_List.o

.ARM.extab.text.rt_psq_enq
                0x0000000008000368        0xc
 .ARM.extab.text.rt_psq_enq
                0x0000000008000368        0xc .objs/CMSIS-SP-00300-r4p5-00rel0/CMSIS/RTOS/RTX/SRC/rt_List.o

.ARM.extab.text.rt_mbx_init
                0x0000000008000374        0xc
 .ARM.extab.text.rt_mbx_init
                0x0000000008000374        0xc .objs/CMSIS-SP-00300-r4p5-00rel0/CMSIS/RTOS/RTX/SRC/rt_Mailbox.o

.ARM.extab.text.rt_mbx_wait
                0x0000000008000380        0xc
 .ARM.extab.text.rt_mbx_wait
                0x0000000008000380        0xc .objs/CMSIS-SP-00300-r4p5-00rel0/CMSIS/RTOS/RTX/SRC/rt_Mailbox.o

.ARM.extab.text.rt_mbx_check
                0x000000000800038c        0xc
 .ARM.extab.text.rt_mbx_check
                0x000000000800038c        0xc .objs/CMSIS-SP-00300-r4p5-00rel0/CMSIS/RTOS/RTX/SRC/rt_Mailbox.o

.ARM.extab.text.isr_mbx_send
                0x0000000008000398        0xc
 .ARM.extab.text.isr_mbx_send
                0x0000000008000398        0xc .objs/CMSIS-SP-00300-r4p5-00rel0/CMSIS/RTOS/RTX/SRC/rt_Mailbox.o

.ARM.extab.text.isr_mbx_receive
                0x00000000080003a4        0xc
 .ARM.extab.text.isr_mbx_receive
                0x00000000080003a4        0xc .objs/CMSIS-SP-00300-r4p5-00rel0/CMSIS/RTOS/RTX/SRC/rt_Mailbox.o

.ARM.extab.text.rt_mbx_psh
                0x00000000080003b0        0xc
 .ARM.extab.text.rt_mbx_psh
                0x00000000080003b0        0xc .objs/CMSIS-SP-00300-r4p5-00rel0/CMSIS/RTOS/RTX/SRC/rt_Mailbox.o

.ARM.extab.text._init_box
                0x00000000080003bc        0xc
 .ARM.extab.text._init_box
                0x00000000080003bc        0xc .objs/CMSIS-SP-00300-r4p5-00rel0/CMSIS/RTOS/RTX/SRC/rt_MemBox.o

.ARM.extab.text.rt_alloc_box
                0x00000000080003c8        0xc
 .ARM.extab.text.rt_alloc_box
                0x00000000080003c8        0xc .objs/CMSIS-SP-00300-r4p5-00rel0/CMSIS/RTOS/RTX/SRC/rt_MemBox.o

.ARM.extab.text.rt_free_box
                0x00000000080003d4        0xc
 .ARM.extab.text.rt_free_box
                0x00000000080003d4        0xc .objs/CMSIS-SP-00300-r4p5-00rel0/CMSIS/RTOS/RTX/SRC/rt_MemBox.o

.ARM.extab.text.rt_init_mem
                0x00000000080003e0        0xc
 .ARM.extab.text.rt_init_mem
                0x00000000080003e0        0xc .objs/CMSIS-SP-00300-r4p5-00rel0/CMSIS/RTOS/RTX/SRC/rt_Memory.o

.ARM.extab.text.rt_alloc_mem
                0x00000000080003ec        0xc
 .ARM.extab.text.rt_alloc_mem
                0x00000000080003ec        0xc .objs/CMSIS-SP-00300-r4p5-00rel0/CMSIS/RTOS/RTX/SRC/rt_Memory.o

.ARM.extab.text.rt_free_mem
                0x00000000080003f8        0xc
 .ARM.extab.text.rt_free_mem
                0x00000000080003f8        0xc .objs/CMSIS-SP-00300-r4p5-00rel0/CMSIS/RTOS/RTX/SRC/rt_Memory.o

.ARM.extab.text.rt_chk_robin
                0x0000000008000404        0xc
 .ARM.extab.text.rt_chk_robin
                0x0000000008000404        0xc .objs/CMSIS-SP-00300-r4p5-00rel0/CMSIS/RTOS/RTX/SRC/rt_Robin.o

.ARM.extab.text.rt_sem_psh
                0x0000000008000410        0xc
 .ARM.extab.text.rt_sem_psh
                0x0000000008000410        0xc .objs/CMSIS-SP-00300-r4p5-00rel0/CMSIS/RTOS/RTX/SRC/rt_Semaphore.o

.ARM.extab.text.rt_pop_req
                0x000000000800041c        0xc
 .ARM.extab.text.rt_pop_req
                0x000000000800041c        0xc .objs/CMSIS-SP-00300-r4p5-00rel0/CMSIS/RTOS/RTX/SRC/rt_System.o

.ARM.extab.text.rt_systick
                0x0000000008000428        0xc
 .ARM.extab.text.rt_systick
                0x0000000008000428        0xc .objs/CMSIS-SP-00300-r4p5-00rel0/CMSIS/RTOS/RTX/SRC/rt_System.o

.ARM.extab.text.rt_svc_init
                0x0000000008000434        0xc
 .ARM.extab.text.rt_svc_init
                0x0000000008000434        0xc .objs/CMSIS-SP-00300-r4p5-00rel0/CMSIS/RTOS/RTX/SRC/rt_Task.o

.ARM.extab.text.rt_get_TID
                0x0000000008000440        0xc
 .ARM.extab.text.rt_get_TID
                0x0000000008000440        0xc .objs/CMSIS-SP-00300-r4p5-00rel0/CMSIS/RTOS/RTX/SRC/rt_Task.o

.ARM.extab.text.rt_init_context
                0x000000000800044c        0xc
 .ARM.extab.text.rt_init_context
                0x000000000800044c        0xc .objs/CMSIS-SP-00300-r4p5-00rel0/CMSIS/RTOS/RTX/SRC/rt_Task.o

.ARM.extab.text.rt_switch_req
                0x0000000008000458        0xc
 .ARM.extab.text.rt_switch_req
                0x0000000008000458        0xc .objs/CMSIS-SP-00300-r4p5-00rel0/CMSIS/RTOS/RTX/SRC/rt_Task.o

.ARM.extab.text.rt_dispatch
                0x0000000008000464        0xc
 .ARM.extab.text.rt_dispatch
                0x0000000008000464        0xc .objs/CMSIS-SP-00300-r4p5-00rel0/CMSIS/RTOS/RTX/SRC/rt_Task.o

.ARM.extab.text.rt_block
                0x0000000008000470        0xc
 .ARM.extab.text.rt_block
                0x0000000008000470        0xc .objs/CMSIS-SP-00300-r4p5-00rel0/CMSIS/RTOS/RTX/SRC/rt_Task.o

.ARM.extab.text.rt_tsk_pass
                0x000000000800047c        0xc
 .ARM.extab.text.rt_tsk_pass
                0x000000000800047c        0xc .objs/CMSIS-SP-00300-r4p5-00rel0/CMSIS/RTOS/RTX/SRC/rt_Task.o

.ARM.extab.text.rt_tsk_prio
                0x0000000008000488        0xc
 .ARM.extab.text.rt_tsk_prio
                0x0000000008000488        0xc .objs/CMSIS-SP-00300-r4p5-00rel0/CMSIS/RTOS/RTX/SRC/rt_Task.o

.ARM.extab.text.rt_tsk_create
                0x0000000008000494        0xc
 .ARM.extab.text.rt_tsk_create
                0x0000000008000494        0xc .objs/CMSIS-SP-00300-r4p5-00rel0/CMSIS/RTOS/RTX/SRC/rt_Task.o

.ARM.extab.text.rt_tsk_delete
                0x00000000080004a0        0xc
 .ARM.extab.text.rt_tsk_delete
                0x00000000080004a0        0xc .objs/CMSIS-SP-00300-r4p5-00rel0/CMSIS/RTOS/RTX/SRC/rt_Task.o

.ARM.extab.text.rt_sys_init
                0x00000000080004ac        0xc
 .ARM.extab.text.rt_sys_init
                0x00000000080004ac        0xc .objs/CMSIS-SP-00300-r4p5-00rel0/CMSIS/RTOS/RTX/SRC/rt_Task.o

.ARM.extab.text.rt_dly_wait
                0x00000000080004b8        0xc
 .ARM.extab.text.rt_dly_wait
                0x00000000080004b8        0xc .objs/CMSIS-SP-00300-r4p5-00rel0/CMSIS/RTOS/RTX/SRC/rt_Time.o

.ARM.extab.text.arm_sin_f32
                0x00000000080004c4        0xc
 .ARM.extab.text.arm_sin_f32
                0x00000000080004c4        0xc .objs/CMSIS-SP-00300-r4p5-00rel0/CMSIS/DSP_Lib/Source/FastMathFunctions/arm_sin_f32.o

.ARM.extab.text.os_error
                0x00000000080004d0        0xc
 .ARM.extab.text.os_error
                0x00000000080004d0        0xc .objs/main.o

.ARM.extab.text.Thread
                0x00000000080004dc        0xc
 .ARM.extab.text.Thread
                0x00000000080004dc        0xc .objs/main.o

.ARM.extab.text.startup.main
                0x00000000080004e8        0xc
 .ARM.extab.text.startup.main
                0x00000000080004e8        0xc .objs/main.o

.ARM.extab.text._write
                0x00000000080004f4        0xc
 .ARM.extab.text._write
                0x00000000080004f4        0xc .objs/syscalls.o

.ARM.extab.text._read
                0x0000000008000500        0xc
 .ARM.extab.text._read
                0x0000000008000500        0xc .objs/syscalls.o

.ARM.extab.text.NVIC_EnableIRQ
                0x000000000800050c       0x18
 .ARM.extab.text.NVIC_EnableIRQ
                0x000000000800050c        0xc .objs/usart1.o
 .ARM.extab.text.NVIC_EnableIRQ
                0x0000000008000518        0xc .objs/neopixel_rgbw.o

.ARM.extab.text.USART1_IRQHandler
                0x0000000008000524        0xc
 .ARM.extab.text.USART1_IRQHandler
                0x0000000008000524        0xc .objs/usart1.o

.ARM.extab.text.usart1_puts
                0x0000000008000530        0xc
 .ARM.extab.text.usart1_puts
                0x0000000008000530        0xc .objs/usart1.o

.ARM.extab.text.DMA1_Channel7_IRQHandler
                0x000000000800053c        0xc
 .ARM.extab.text.DMA1_Channel7_IRQHandler
                0x000000000800053c        0xc .objs/neopixel_rgbw.o

.ARM.extab.text.neopixel_update_buffer
                0x0000000008000548        0xc
 .ARM.extab.text.neopixel_update_buffer
                0x0000000008000548        0xc .objs/neopixel_rgbw.o

.ARM.extab.text.neopixel_rgbw_set_led
                0x0000000008000554        0xc
 .ARM.extab.text.neopixel_rgbw_set_led
                0x0000000008000554        0xc .objs/neopixel_rgbw.o

.ARM.extab.text.cc2520_dma_trx
                0x0000000008000560        0xc
 .ARM.extab.text.cc2520_dma_trx
                0x0000000008000560        0xc .objs/cc2520.o

.ARM.extab.text.cc2520_thread
                0x000000000800056c        0xc
 .ARM.extab.text.cc2520_thread
                0x000000000800056c        0xc .objs/cc2520.o

.ARM.extab      0x0000000008000578       0x18
 .ARM.extab     0x0000000008000578       0x18 /usr/local/gcc-arm-none-eabi-5_2-2015q4/bin/../lib/gcc/arm-none-eabi/5.2.1/armv7e-m/fpu/fpv5-sp-d16/libgcc.a(pr-support.o)

.text           0x0000000008000590     0x5b84
                0x0000000008000590                . = ALIGN (0x4)
 *(.text)
 .text          0x0000000008000590      0x198 /var/folders/5v/vw99x5bd2c506kbq14ntyw6w0000gn/T//ccqWBU8x.o
                0x0000000008000590                rt_set_PSP
                0x0000000008000596                rt_get_PSP
                0x000000000800059c                os_set_env
                0x00000000080005b4                _alloc_box
                0x00000000080005d0                _free_box
                0x00000000080005ec                SVC_Handler
                0x0000000008000692                PendSV_Handler
                0x0000000008000698                Sys_Switch
                0x00000000080006f2                SysTick_Handler
                0x00000000080006fc                OS_Tick_Handler
 .text          0x0000000008000728      0x9dc /usr/local/gcc-arm-none-eabi-5_2-2015q4/bin/../lib/gcc/arm-none-eabi/5.2.1/armv7e-m/fpu/fpv5-sp-d16/libgcc.a(unwind-arm.o)
                0x00000000080009e4                _Unwind_GetCFA
                0x00000000080009e8                __gnu_Unwind_RaiseException
                0x0000000008000a48                __gnu_Unwind_ForcedUnwind
                0x0000000008000a5c                __gnu_Unwind_Resume
                0x0000000008000aa0                __gnu_Unwind_Resume_or_Rethrow
                0x0000000008000ab0                _Unwind_Complete
                0x0000000008000ab4                _Unwind_DeleteException
                0x0000000008000ac0                _Unwind_VRS_Get
                0x0000000008000b0c                _Unwind_VRS_Set
                0x0000000008000b5c                __gnu_Unwind_Backtrace
                0x0000000008000ea8                __aeabi_unwind_cpp_pr0
                0x0000000008000eac                __aeabi_unwind_cpp_pr1
                0x0000000008000eb0                __aeabi_unwind_cpp_pr2
                0x0000000008000eb4                _Unwind_VRS_Pop
 .text          0x0000000008001104      0x1ac /usr/local/gcc-arm-none-eabi-5_2-2015q4/bin/../lib/gcc/arm-none-eabi/5.2.1/armv7e-m/fpu/fpv5-sp-d16/libgcc.a(libunwind.o)
                0x0000000008001104                __restore_core_regs
                0x0000000008001104                restore_core_regs
                0x000000000800111c                __gnu_Unwind_Restore_VFP
                0x0000000008001124                __gnu_Unwind_Save_VFP
                0x000000000800112c                __gnu_Unwind_Restore_VFP_D
                0x0000000008001134                __gnu_Unwind_Save_VFP_D
                0x000000000800113c                __gnu_Unwind_Restore_VFP_D_16_to_31
                0x0000000008001144                __gnu_Unwind_Save_VFP_D_16_to_31
                0x000000000800114c                __gnu_Unwind_Restore_WMMXD
                0x0000000008001190                __gnu_Unwind_Save_WMMXD
                0x00000000080011d4                __gnu_Unwind_Restore_WMMXC
                0x00000000080011e8                __gnu_Unwind_Save_WMMXC
                0x00000000080011fc                _Unwind_RaiseException
                0x00000000080011fc                ___Unwind_RaiseException
                0x0000000008001220                ___Unwind_Resume
                0x0000000008001220                _Unwind_Resume
                0x0000000008001244                ___Unwind_Resume_or_Rethrow
                0x0000000008001244                _Unwind_Resume_or_Rethrow
                0x0000000008001268                _Unwind_ForcedUnwind
                0x0000000008001268                ___Unwind_ForcedUnwind
                0x000000000800128c                _Unwind_Backtrace
                0x000000000800128c                ___Unwind_Backtrace
 .text          0x00000000080012b0      0x354 /usr/local/gcc-arm-none-eabi-5_2-2015q4/bin/../lib/gcc/arm-none-eabi/5.2.1/armv7e-m/fpu/fpv5-sp-d16/libgcc.a(pr-support.o)
                0x0000000008001308                __gnu_unwind_execute
                0x00000000080015ac                __gnu_unwind_frame
                0x00000000080015d4                _Unwind_GetRegionStart
                0x00000000080015e0                _Unwind_GetLanguageSpecificData
                0x00000000080015f4                _Unwind_GetTextRelBase
                0x00000000080015fc                _Unwind_GetDataRelBase
 *fill*         0x0000000008001604        0xc 
 .text          0x0000000008001610       0xa0 /usr/local/gcc-arm-none-eabi-5_2-2015q4/bin/../lib/gcc/arm-none-eabi/5.2.1/../../../../arm-none-eabi/lib/armv7e-m/fpu/fpv5-sp-d16/libg_nano.a(lib_a-memchr.o)
                0x0000000008001610                memchr
 *(.text.*)
 .text.rt_init_stack
                0x00000000080016b0      0x104 .objs/CMSIS-SP-00300-r4p5-00rel0/CMSIS/RTOS/RTX/SRC/HAL_CM.o
                0x00000000080016b0                rt_init_stack
 .text.rt_ret_regs
                0x00000000080017b4       0x2c .objs/CMSIS-SP-00300-r4p5-00rel0/CMSIS/RTOS/RTX/SRC/HAL_CM.o
 .text.rt_ret_val
                0x00000000080017e0       0x20 .objs/CMSIS-SP-00300-r4p5-00rel0/CMSIS/RTOS/RTX/SRC/HAL_CM.o
                0x00000000080017e0                rt_ret_val
 .text.rt_ret_val2
                0x0000000008001800       0x2c .objs/CMSIS-SP-00300-r4p5-00rel0/CMSIS/RTOS/RTX/SRC/HAL_CM.o
                0x0000000008001800                rt_ret_val2
 .text.rt_ms2tick
                0x000000000800182c       0x74 .objs/CMSIS-SP-00300-r4p5-00rel0/CMSIS/RTOS/RTX/SRC/rt_CMSIS.o
 .text.rt_tid2ptcb
                0x00000000080018a0       0x40 .objs/CMSIS-SP-00300-r4p5-00rel0/CMSIS/RTOS/RTX/SRC/rt_CMSIS.o
 .text.rt_id2obj
                0x00000000080018e0       0x24 .objs/CMSIS-SP-00300-r4p5-00rel0/CMSIS/RTOS/RTX/SRC/rt_CMSIS.o
 .text.svcKernelInitialize
                0x0000000008001904       0x98 .objs/CMSIS-SP-00300-r4p5-00rel0/CMSIS/RTOS/RTX/SRC/rt_CMSIS.o
                0x0000000008001904                svcKernelInitialize
 .text.svcKernelStart
                0x000000000800199c       0x70 .objs/CMSIS-SP-00300-r4p5-00rel0/CMSIS/RTOS/RTX/SRC/rt_CMSIS.o
                0x000000000800199c                svcKernelStart
 .text.osKernelInitialize
                0x0000000008001a0c       0x44 .objs/CMSIS-SP-00300-r4p5-00rel0/CMSIS/RTOS/RTX/SRC/rt_CMSIS.o
                0x0000000008001a0c                osKernelInitialize
 .text.osKernelStart
                0x0000000008001a50       0xcc .objs/CMSIS-SP-00300-r4p5-00rel0/CMSIS/RTOS/RTX/SRC/rt_CMSIS.o
                0x0000000008001a50                osKernelStart
 .text.sysThreadError
                0x0000000008001b1c       0x14 .objs/CMSIS-SP-00300-r4p5-00rel0/CMSIS/RTOS/RTX/SRC/rt_CMSIS.o
 .text.svcThreadCreate
                0x0000000008001b30       0xd0 .objs/CMSIS-SP-00300-r4p5-00rel0/CMSIS/RTOS/RTX/SRC/rt_CMSIS.o
                0x0000000008001b30                svcThreadCreate
 .text.svcThreadGetId
                0x0000000008001c00       0x2c .objs/CMSIS-SP-00300-r4p5-00rel0/CMSIS/RTOS/RTX/SRC/rt_CMSIS.o
                0x0000000008001c00                svcThreadGetId
 .text.svcThreadTerminate
                0x0000000008001c2c       0x60 .objs/CMSIS-SP-00300-r4p5-00rel0/CMSIS/RTOS/RTX/SRC/rt_CMSIS.o
                0x0000000008001c2c                svcThreadTerminate
 .text.svcThreadYield
                0x0000000008001c8c       0x10 .objs/CMSIS-SP-00300-r4p5-00rel0/CMSIS/RTOS/RTX/SRC/rt_CMSIS.o
                0x0000000008001c8c                svcThreadYield
 .text.osThreadCreate
                0x0000000008001c9c       0x64 .objs/CMSIS-SP-00300-r4p5-00rel0/CMSIS/RTOS/RTX/SRC/rt_CMSIS.o
                0x0000000008001c9c                osThreadCreate
 .text.osThreadYield
                0x0000000008001d00       0x2c .objs/CMSIS-SP-00300-r4p5-00rel0/CMSIS/RTOS/RTX/SRC/rt_CMSIS.o
                0x0000000008001d00                osThreadYield
 .text.osThreadExit
                0x0000000008001d2c       0x20 .objs/CMSIS-SP-00300-r4p5-00rel0/CMSIS/RTOS/RTX/SRC/rt_CMSIS.o
                0x0000000008001d2c                osThreadExit
 .text.svcDelay
                0x0000000008001d4c       0x2c .objs/CMSIS-SP-00300-r4p5-00rel0/CMSIS/RTOS/RTX/SRC/rt_CMSIS.o
                0x0000000008001d4c                svcDelay
 .text.osDelay  0x0000000008001d78       0x34 .objs/CMSIS-SP-00300-r4p5-00rel0/CMSIS/RTOS/RTX/SRC/rt_CMSIS.o
                0x0000000008001d78                osDelay
 .text.rt_timer_insert
                0x0000000008001dac       0x84 .objs/CMSIS-SP-00300-r4p5-00rel0/CMSIS/RTOS/RTX/SRC/rt_CMSIS.o
 .text.svcTimerCall
                0x0000000008001e30       0x60 .objs/CMSIS-SP-00300-r4p5-00rel0/CMSIS/RTOS/RTX/SRC/rt_CMSIS.o
                0x0000000008001e30                svcTimerCall
 .text.sysTimerTick
                0x0000000008001e90       0x88 .objs/CMSIS-SP-00300-r4p5-00rel0/CMSIS/RTOS/RTX/SRC/rt_CMSIS.o
                0x0000000008001e90                sysTimerTick
 .text.osTimerCall
                0x0000000008001f18       0x30 .objs/CMSIS-SP-00300-r4p5-00rel0/CMSIS/RTOS/RTX/SRC/rt_CMSIS.o
                0x0000000008001f18                osTimerCall
 .text.osTimerThread
                0x0000000008001f48       0x44 .objs/CMSIS-SP-00300-r4p5-00rel0/CMSIS/RTOS/RTX/SRC/rt_CMSIS.o
                0x0000000008001f48                osTimerThread
 .text.svcMessageCreate
                0x0000000008001f8c       0x64 .objs/CMSIS-SP-00300-r4p5-00rel0/CMSIS/RTOS/RTX/SRC/rt_CMSIS.o
                0x0000000008001f8c                svcMessageCreate
 .text.svcMessageGet
                0x0000000008001ff0       0xcc .objs/CMSIS-SP-00300-r4p5-00rel0/CMSIS/RTOS/RTX/SRC/rt_CMSIS.o
                0x0000000008001ff0                svcMessageGet
 .text.isrMessagePut
                0x00000000080020bc       0x4c .objs/CMSIS-SP-00300-r4p5-00rel0/CMSIS/RTOS/RTX/SRC/rt_CMSIS.o
                0x00000000080020bc                isrMessagePut
 .text.isrMessageGet
                0x0000000008002108       0x94 .objs/CMSIS-SP-00300-r4p5-00rel0/CMSIS/RTOS/RTX/SRC/rt_CMSIS.o
                0x0000000008002108                isrMessageGet
 .text.osMessageGet
                0x000000000800219c       0x5c .objs/CMSIS-SP-00300-r4p5-00rel0/CMSIS/RTOS/RTX/SRC/rt_CMSIS.o
                0x000000000800219c                osMessageGet
 .text.rt_evt_psh
                0x00000000080021f8       0xa8 .objs/CMSIS-SP-00300-r4p5-00rel0/CMSIS/RTOS/RTX/SRC/rt_Event.o
                0x00000000080021f8                rt_evt_psh
 .text.rt_inc_qi
                0x00000000080022a0       0x60 .objs/CMSIS-SP-00300-r4p5-00rel0/CMSIS/RTOS/RTX/SRC/rt_List.o
 .text.rt_put_prio
                0x0000000008002300       0x8c .objs/CMSIS-SP-00300-r4p5-00rel0/CMSIS/RTOS/RTX/SRC/rt_List.o
                0x0000000008002300                rt_put_prio
 .text.rt_get_first
                0x000000000800238c       0x60 .objs/CMSIS-SP-00300-r4p5-00rel0/CMSIS/RTOS/RTX/SRC/rt_List.o
                0x000000000800238c                rt_get_first
 .text.rt_put_rdy_first
                0x00000000080023ec       0x2c .objs/CMSIS-SP-00300-r4p5-00rel0/CMSIS/RTOS/RTX/SRC/rt_List.o
                0x00000000080023ec                rt_put_rdy_first
 .text.rt_get_same_rdy_prio
                0x0000000008002418       0x40 .objs/CMSIS-SP-00300-r4p5-00rel0/CMSIS/RTOS/RTX/SRC/rt_List.o
                0x0000000008002418                rt_get_same_rdy_prio
 .text.rt_resort_prio
                0x0000000008002458       0x50 .objs/CMSIS-SP-00300-r4p5-00rel0/CMSIS/RTOS/RTX/SRC/rt_List.o
                0x0000000008002458                rt_resort_prio
 .text.rt_put_dly
                0x00000000080024a8       0xc8 .objs/CMSIS-SP-00300-r4p5-00rel0/CMSIS/RTOS/RTX/SRC/rt_List.o
                0x00000000080024a8                rt_put_dly
 .text.rt_dec_dly
                0x0000000008002570       0xcc .objs/CMSIS-SP-00300-r4p5-00rel0/CMSIS/RTOS/RTX/SRC/rt_List.o
                0x0000000008002570                rt_dec_dly
 .text.rt_rmv_list
                0x000000000800263c       0x68 .objs/CMSIS-SP-00300-r4p5-00rel0/CMSIS/RTOS/RTX/SRC/rt_List.o
                0x000000000800263c                rt_rmv_list
 .text.rt_rmv_dly
                0x00000000080026a4       0x5c .objs/CMSIS-SP-00300-r4p5-00rel0/CMSIS/RTOS/RTX/SRC/rt_List.o
                0x00000000080026a4                rt_rmv_dly
 .text.rt_psq_enq
                0x0000000008002700       0x58 .objs/CMSIS-SP-00300-r4p5-00rel0/CMSIS/RTOS/RTX/SRC/rt_List.o
                0x0000000008002700                rt_psq_enq
 .text.rt_mbx_init
                0x0000000008002758       0x54 .objs/CMSIS-SP-00300-r4p5-00rel0/CMSIS/RTOS/RTX/SRC/rt_Mailbox.o
                0x0000000008002758                rt_mbx_init
 .text.rt_mbx_wait
                0x00000000080027ac      0x118 .objs/CMSIS-SP-00300-r4p5-00rel0/CMSIS/RTOS/RTX/SRC/rt_Mailbox.o
                0x00000000080027ac                rt_mbx_wait
 .text.rt_mbx_check
                0x00000000080028c4       0x24 .objs/CMSIS-SP-00300-r4p5-00rel0/CMSIS/RTOS/RTX/SRC/rt_Mailbox.o
                0x00000000080028c4                rt_mbx_check
 .text.isr_mbx_send
                0x00000000080028e8       0x24 .objs/CMSIS-SP-00300-r4p5-00rel0/CMSIS/RTOS/RTX/SRC/rt_Mailbox.o
                0x00000000080028e8                isr_mbx_send
 .text.isr_mbx_receive
                0x000000000800290c       0x80 .objs/CMSIS-SP-00300-r4p5-00rel0/CMSIS/RTOS/RTX/SRC/rt_Mailbox.o
                0x000000000800290c                isr_mbx_receive
 .text.rt_mbx_psh
                0x000000000800298c      0x15c .objs/CMSIS-SP-00300-r4p5-00rel0/CMSIS/RTOS/RTX/SRC/rt_Mailbox.o
                0x000000000800298c                rt_mbx_psh
 .text._init_box
                0x0000000008002ae8       0xac .objs/CMSIS-SP-00300-r4p5-00rel0/CMSIS/RTOS/RTX/SRC/rt_MemBox.o
                0x0000000008002ae8                _init_box
 .text.rt_alloc_box
                0x0000000008002b94       0x44 .objs/CMSIS-SP-00300-r4p5-00rel0/CMSIS/RTOS/RTX/SRC/rt_MemBox.o
                0x0000000008002b94                rt_alloc_box
 .text.rt_free_box
                0x0000000008002bd8       0x54 .objs/CMSIS-SP-00300-r4p5-00rel0/CMSIS/RTOS/RTX/SRC/rt_MemBox.o
                0x0000000008002bd8                rt_free_box
 .text.rt_init_mem
                0x0000000008002c2c       0x48 .objs/CMSIS-SP-00300-r4p5-00rel0/CMSIS/RTOS/RTX/SRC/rt_Memory.o
                0x0000000008002c2c                rt_init_mem
 .text.rt_alloc_mem
                0x0000000008002c74       0xa8 .objs/CMSIS-SP-00300-r4p5-00rel0/CMSIS/RTOS/RTX/SRC/rt_Memory.o
                0x0000000008002c74                rt_alloc_mem
 .text.rt_free_mem
                0x0000000008002d1c       0x6c .objs/CMSIS-SP-00300-r4p5-00rel0/CMSIS/RTOS/RTX/SRC/rt_Memory.o
                0x0000000008002d1c                rt_free_mem
 .text.rt_init_robin
                0x0000000008002d88       0x28 .objs/CMSIS-SP-00300-r4p5-00rel0/CMSIS/RTOS/RTX/SRC/rt_Robin.o
                0x0000000008002d88                rt_init_robin
 .text.rt_chk_robin
                0x0000000008002db0       0x6c .objs/CMSIS-SP-00300-r4p5-00rel0/CMSIS/RTOS/RTX/SRC/rt_Robin.o
                0x0000000008002db0                rt_chk_robin
 .text.rt_sem_psh
                0x0000000008002e1c       0x50 .objs/CMSIS-SP-00300-r4p5-00rel0/CMSIS/RTOS/RTX/SRC/rt_Semaphore.o
                0x0000000008002e1c                rt_sem_psh
 .text.rt_systick_init
                0x0000000008002e6c       0x44 .objs/CMSIS-SP-00300-r4p5-00rel0/CMSIS/RTOS/RTX/SRC/rt_System.o
 .text.rt_psh_req
                0x0000000008002eb0       0x34 .objs/CMSIS-SP-00300-r4p5-00rel0/CMSIS/RTOS/RTX/SRC/rt_System.o
                0x0000000008002eb0                rt_psh_req
 .text.rt_pop_req
                0x0000000008002ee4       0xcc .objs/CMSIS-SP-00300-r4p5-00rel0/CMSIS/RTOS/RTX/SRC/rt_System.o
                0x0000000008002ee4                rt_pop_req
 .text.os_tick_init
                0x0000000008002fb0       0x10 .objs/CMSIS-SP-00300-r4p5-00rel0/CMSIS/RTOS/RTX/SRC/rt_System.o
                0x0000000008002fb0                os_tick_init
 .text.os_tick_irqack
                0x0000000008002fc0       0x10 .objs/CMSIS-SP-00300-r4p5-00rel0/CMSIS/RTOS/RTX/SRC/rt_System.o
                0x0000000008002fc0                os_tick_irqack
 .text.rt_systick
                0x0000000008002fd0       0x50 .objs/CMSIS-SP-00300-r4p5-00rel0/CMSIS/RTOS/RTX/SRC/rt_System.o
                0x0000000008002fd0                rt_systick
 .text.rt_stk_check
                0x0000000008003020       0x34 .objs/CMSIS-SP-00300-r4p5-00rel0/CMSIS/RTOS/RTX/SRC/rt_System.o
                0x0000000008003020                rt_stk_check
 .text.rt_svc_init
                0x0000000008003054       0x80 .objs/CMSIS-SP-00300-r4p5-00rel0/CMSIS/RTOS/RTX/SRC/rt_Task.o
 .text.rt_get_TID
                0x00000000080030d4       0x48 .objs/CMSIS-SP-00300-r4p5-00rel0/CMSIS/RTOS/RTX/SRC/rt_Task.o
 .text.rt_init_context
                0x000000000800311c       0x90 .objs/CMSIS-SP-00300-r4p5-00rel0/CMSIS/RTOS/RTX/SRC/rt_Task.o
 .text.rt_switch_req
                0x00000000080031ac       0x24 .objs/CMSIS-SP-00300-r4p5-00rel0/CMSIS/RTOS/RTX/SRC/rt_Task.o
                0x00000000080031ac                rt_switch_req
 .text.rt_dispatch
                0x00000000080031d0       0x64 .objs/CMSIS-SP-00300-r4p5-00rel0/CMSIS/RTOS/RTX/SRC/rt_Task.o
                0x00000000080031d0                rt_dispatch
 .text.rt_block
                0x0000000008003234       0x54 .objs/CMSIS-SP-00300-r4p5-00rel0/CMSIS/RTOS/RTX/SRC/rt_Task.o
                0x0000000008003234                rt_block
 .text.rt_tsk_pass
                0x0000000008003288       0x3c .objs/CMSIS-SP-00300-r4p5-00rel0/CMSIS/RTOS/RTX/SRC/rt_Task.o
                0x0000000008003288                rt_tsk_pass
 .text.rt_tsk_self
                0x00000000080032c4       0x24 .objs/CMSIS-SP-00300-r4p5-00rel0/CMSIS/RTOS/RTX/SRC/rt_Task.o
                0x00000000080032c4                rt_tsk_self
 .text.rt_tsk_prio
                0x00000000080032e8       0xcc .objs/CMSIS-SP-00300-r4p5-00rel0/CMSIS/RTOS/RTX/SRC/rt_Task.o
                0x00000000080032e8                rt_tsk_prio
 .text.rt_tsk_create
                0x00000000080033b4       0x90 .objs/CMSIS-SP-00300-r4p5-00rel0/CMSIS/RTOS/RTX/SRC/rt_Task.o
                0x00000000080033b4                rt_tsk_create
 .text.rt_tsk_delete
                0x0000000008003444      0x218 .objs/CMSIS-SP-00300-r4p5-00rel0/CMSIS/RTOS/RTX/SRC/rt_Task.o
                0x0000000008003444                rt_tsk_delete
 .text.rt_sys_init
                0x000000000800365c      0x104 .objs/CMSIS-SP-00300-r4p5-00rel0/CMSIS/RTOS/RTX/SRC/rt_Task.o
                0x000000000800365c                rt_sys_init
 .text.rt_sys_start
                0x0000000008003760       0x54 .objs/CMSIS-SP-00300-r4p5-00rel0/CMSIS/RTOS/RTX/SRC/rt_Task.o
                0x0000000008003760                rt_sys_start
 .text.rt_dly_wait
                0x00000000080037b4       0x1c .objs/CMSIS-SP-00300-r4p5-00rel0/CMSIS/RTOS/RTX/SRC/rt_Time.o
                0x00000000080037b4                rt_dly_wait
 .text.arm_sin_f32
                0x00000000080037d0      0x114 .objs/CMSIS-SP-00300-r4p5-00rel0/CMSIS/DSP_Lib/Source/FastMathFunctions/arm_sin_f32.o
                0x00000000080037d0                arm_sin_f32
 .text.os_idle_demon
                0x00000000080038e4        0x8 .objs/main.o
                0x00000000080038e4                os_idle_demon
 .text.os_error
                0x00000000080038ec       0x34 .objs/main.o
                0x00000000080038ec                os_error
 .text.NMI_Handler
                0x0000000008003920        0x4 .objs/main.o
                0x0000000008003920                NMI_Handler
 .text.HardFault_Handler
                0x0000000008003924       0x1c .objs/main.o
                0x0000000008003924                HardFault_Handler
 .text.MemManage_Handler
                0x0000000008003940        0x4 .objs/main.o
                0x0000000008003940                MemManage_Handler
 .text.BusFault_Handler
                0x0000000008003944        0x4 .objs/main.o
                0x0000000008003944                BusFault_Handler
 .text.UsageFault_Handler
                0x0000000008003948        0x4 .objs/main.o
                0x0000000008003948                UsageFault_Handler
 .text.DebugMon_Handler
                0x000000000800394c        0x4 .objs/main.o
                0x000000000800394c                DebugMon_Handler
 .text.WWDG_IRQHandler
                0x0000000008003950        0x4 .objs/main.o
                0x0000000008003950                WWDG_IRQHandler
 .text.PVD_IRQHandler
                0x0000000008003954        0x4 .objs/main.o
                0x0000000008003954                PVD_IRQHandler
 .text.TAMPER_STAMP_IRQHandler
                0x0000000008003958        0x4 .objs/main.o
                0x0000000008003958                TAMPER_STAMP_IRQHandler
 .text.RTC_WKUP_IRQHandler
                0x000000000800395c        0x4 .objs/main.o
                0x000000000800395c                RTC_WKUP_IRQHandler
 .text.FLASH_IRQHandler
                0x0000000008003960        0x4 .objs/main.o
                0x0000000008003960                FLASH_IRQHandler
 .text.RCC_IRQHandler
                0x0000000008003964        0x4 .objs/main.o
                0x0000000008003964                RCC_IRQHandler
 .text.EXTI0_IRQHandler
                0x0000000008003968        0x4 .objs/main.o
                0x0000000008003968                EXTI0_IRQHandler
 .text.EXTI1_IRQHandler
                0x000000000800396c        0x4 .objs/main.o
                0x000000000800396c                EXTI1_IRQHandler
 .text.EXTI2_TS_IRQHandler
                0x0000000008003970        0x4 .objs/main.o
                0x0000000008003970                EXTI2_TS_IRQHandler
 .text.EXTI3_IRQHandler
                0x0000000008003974        0x4 .objs/main.o
                0x0000000008003974                EXTI3_IRQHandler
 .text.EXTI4_IRQHandler
                0x0000000008003978        0x4 .objs/main.o
                0x0000000008003978                EXTI4_IRQHandler
 .text.DMA1_Channel1_IRQHandler
                0x000000000800397c        0x4 .objs/main.o
                0x000000000800397c                DMA1_Channel1_IRQHandler
 .text.DMA1_Channel2_IRQHandler
                0x0000000008003980        0x4 .objs/main.o
                0x0000000008003980                DMA1_Channel2_IRQHandler
 .text.DMA1_Channel3_IRQHandler
                0x0000000008003984        0x4 .objs/main.o
                0x0000000008003984                DMA1_Channel3_IRQHandler
 .text.DMA1_Channel4_IRQHandler
                0x0000000008003988        0x4 .objs/main.o
                0x0000000008003988                DMA1_Channel4_IRQHandler
 .text.DMA1_Channel5_IRQHandler
                0x000000000800398c        0x4 .objs/main.o
                0x000000000800398c                DMA1_Channel5_IRQHandler
 .text.DMA1_Channel6_IRQHandler
                0x0000000008003990        0x4 .objs/main.o
                0x0000000008003990                DMA1_Channel6_IRQHandler
 .text.ADC1_2_IRQHandler
                0x0000000008003994        0x4 .objs/main.o
                0x0000000008003994                ADC1_2_IRQHandler
 .text.USB_HP_CAN1_TX_IRQHandler
                0x0000000008003998        0x4 .objs/main.o
                0x0000000008003998                USB_HP_CAN1_TX_IRQHandler
 .text.USB_LP_CAN1_RX0_IRQHandler
                0x000000000800399c        0x4 .objs/main.o
                0x000000000800399c                USB_LP_CAN1_RX0_IRQHandler
 .text.CAN1_RX1_IRQHandler
                0x00000000080039a0        0x4 .objs/main.o
                0x00000000080039a0                CAN1_RX1_IRQHandler
 .text.CAN1_SCE_IRQHandler
                0x00000000080039a4        0x4 .objs/main.o
                0x00000000080039a4                CAN1_SCE_IRQHandler
 .text.EXTI9_5_IRQHandler
                0x00000000080039a8        0x4 .objs/main.o
                0x00000000080039a8                EXTI9_5_IRQHandler
 .text.TIM1_BRK_TIM15_IRQHandler
                0x00000000080039ac        0x4 .objs/main.o
                0x00000000080039ac                TIM1_BRK_TIM15_IRQHandler
 .text.TIM1_UP_TIM16_IRQHandler
                0x00000000080039b0        0x4 .objs/main.o
                0x00000000080039b0                TIM1_UP_TIM16_IRQHandler
 .text.TIM1_TRG_COM_TIM17_IRQHandler
                0x00000000080039b4        0x4 .objs/main.o
                0x00000000080039b4                TIM1_TRG_COM_TIM17_IRQHandler
 .text.TIM1_CC_IRQHandler
                0x00000000080039b8        0x4 .objs/main.o
                0x00000000080039b8                TIM1_CC_IRQHandler
 .text.TIM4_IRQHandler
                0x00000000080039bc        0x4 .objs/main.o
                0x00000000080039bc                TIM4_IRQHandler
 .text.TIM3_IRQHandler
                0x00000000080039c0        0x4 .objs/main.o
                0x00000000080039c0                TIM3_IRQHandler
 .text.TIM2_IRQHandler
                0x00000000080039c4        0x4 .objs/main.o
                0x00000000080039c4                TIM2_IRQHandler
 .text.I2C1_EV_IRQHandler
                0x00000000080039c8        0x4 .objs/main.o
                0x00000000080039c8                I2C1_EV_IRQHandler
 .text.I2C1_ER_IRQHandler
                0x00000000080039cc        0x4 .objs/main.o
                0x00000000080039cc                I2C1_ER_IRQHandler
 .text.I2C2_EV_IRQHandler
                0x00000000080039d0        0x4 .objs/main.o
                0x00000000080039d0                I2C2_EV_IRQHandler
 .text.I2C2_ER_IRQHandler
                0x00000000080039d4        0x4 .objs/main.o
                0x00000000080039d4                I2C2_ER_IRQHandler
 .text.SPI1_IRQHandler
                0x00000000080039d8        0x4 .objs/main.o
                0x00000000080039d8                SPI1_IRQHandler
 .text.SPI2_IRQHandler
                0x00000000080039dc        0x4 .objs/main.o
                0x00000000080039dc                SPI2_IRQHandler
 .text.USART2_IRQHandler
                0x00000000080039e0        0x4 .objs/main.o
                0x00000000080039e0                USART2_IRQHandler
 .text.USART3_IRQHandler
                0x00000000080039e4        0x4 .objs/main.o
                0x00000000080039e4                USART3_IRQHandler
 .text.EXTI15_10_IRQHandler
                0x00000000080039e8        0x4 .objs/main.o
                0x00000000080039e8                EXTI15_10_IRQHandler
 .text.RTC_Alarm_IRQHandler
                0x00000000080039ec        0x4 .objs/main.o
                0x00000000080039ec                RTC_Alarm_IRQHandler
 .text.USBWakeUp_IRQHandler
                0x00000000080039f0        0x4 .objs/main.o
                0x00000000080039f0                USBWakeUp_IRQHandler
 .text.TIM8_BRK_IRQHandler
                0x00000000080039f4        0x4 .objs/main.o
                0x00000000080039f4                TIM8_BRK_IRQHandler
 .text.TIM8_UP_IRQHandler
                0x00000000080039f8        0x4 .objs/main.o
                0x00000000080039f8                TIM8_UP_IRQHandler
 .text.TIM8_TRG_COM_IRQHandler
                0x00000000080039fc        0x4 .objs/main.o
                0x00000000080039fc                TIM8_TRG_COM_IRQHandler
 .text.TIM8_CC_IRQHandler
                0x0000000008003a00        0x4 .objs/main.o
                0x0000000008003a00                TIM8_CC_IRQHandler
 .text.ADC3_IRQHandler
                0x0000000008003a04        0x4 .objs/main.o
                0x0000000008003a04                ADC3_IRQHandler
 .text.SPI3_IRQHandler
                0x0000000008003a08        0x4 .objs/main.o
                0x0000000008003a08                SPI3_IRQHandler
 .text.UART4_IRQHandler
                0x0000000008003a0c        0x4 .objs/main.o
                0x0000000008003a0c                UART4_IRQHandler
 .text.UART5_IRQHandler
                0x0000000008003a10        0x4 .objs/main.o
                0x0000000008003a10                UART5_IRQHandler
 .text.TIM7_IRQHandler
                0x0000000008003a14        0x4 .objs/main.o
                0x0000000008003a14                TIM7_IRQHandler
 .text.DMA2_Channel1_IRQHandler
                0x0000000008003a18        0x4 .objs/main.o
                0x0000000008003a18                DMA2_Channel1_IRQHandler
 .text.DMA2_Channel2_IRQHandler
                0x0000000008003a1c        0x4 .objs/main.o
                0x0000000008003a1c                DMA2_Channel2_IRQHandler
 .text.DMA2_Channel3_IRQHandler
                0x0000000008003a20        0x4 .objs/main.o
                0x0000000008003a20                DMA2_Channel3_IRQHandler
 .text.DMA2_Channel4_IRQHandler
                0x0000000008003a24        0x4 .objs/main.o
                0x0000000008003a24                DMA2_Channel4_IRQHandler
 .text.DMA2_Channel5_IRQHandler
                0x0000000008003a28        0x4 .objs/main.o
                0x0000000008003a28                DMA2_Channel5_IRQHandler
 .text.ADC4_IRQHandler
                0x0000000008003a2c        0x4 .objs/main.o
                0x0000000008003a2c                ADC4_IRQHandler
 .text.COMP1_2_3_IRQHandler
                0x0000000008003a30        0x4 .objs/main.o
                0x0000000008003a30                COMP1_2_3_IRQHandler
 .text.COMP4_5_6_IRQHandler
                0x0000000008003a34        0x4 .objs/main.o
                0x0000000008003a34                COMP4_5_6_IRQHandler
 .text.COMP7_IRQHandler
                0x0000000008003a38        0x4 .objs/main.o
                0x0000000008003a38                COMP7_IRQHandler
 .text.USB_HP_IRQHandler
                0x0000000008003a3c        0x4 .objs/main.o
                0x0000000008003a3c                USB_HP_IRQHandler
 .text.USB_LP_IRQHandler
                0x0000000008003a40        0x4 .objs/main.o
                0x0000000008003a40                USB_LP_IRQHandler
 .text.USBWakeUp_RMP_IRQHandler
                0x0000000008003a44        0x4 .objs/main.o
                0x0000000008003a44                USBWakeUp_RMP_IRQHandler
 .text.FPU_IRQHandler
                0x0000000008003a48        0x4 .objs/main.o
                0x0000000008003a48                FPU_IRQHandler
 .text.prvGetRegistersFromStack
                0x0000000008003a4c       0x5c .objs/main.o
                0x0000000008003a4c                prvGetRegistersFromStack
 .text.SystemInit
                0x0000000008003aa8      0x190 .objs/main.o
                0x0000000008003aa8                SystemInit
 .text.Thread   0x0000000008003c38      0x124 .objs/main.o
                0x0000000008003c38                Thread
 .text.Thread_StsLED
                0x0000000008003d5c       0x44 .objs/main.o
                0x0000000008003d5c                Thread_StsLED
 .text.startup.main
                0x0000000008003da0       0x54 .objs/main.o
                0x0000000008003da0                main
 .text._write   0x0000000008003df4       0x24 .objs/syscalls.o
                0x0000000008003df4                _write
 .text._read    0x0000000008003e18       0x1c .objs/syscalls.o
                0x0000000008003e18                _read
 .text.NVIC_EnableIRQ
                0x0000000008003e34       0x34 .objs/usart1.o
 .text.USART1_IRQHandler
                0x0000000008003e68       0xfc .objs/usart1.o
                0x0000000008003e68                USART1_IRQHandler
 .text.usart1_puts
                0x0000000008003f64       0xa0 .objs/usart1.o
                0x0000000008003f64                usart1_puts
 .text.usart1_init
                0x0000000008004004       0x8c .objs/usart1.o
                0x0000000008004004                usart1_init
 .text.NVIC_EnableIRQ
                0x0000000008004090       0x34 .objs/neopixel_rgbw.o
 .text.TIM6_DAC_IRQHandler
                0x00000000080040c4       0xe4 .objs/neopixel_rgbw.o
                0x00000000080040c4                TIM6_DAC_IRQHandler
 .text.DMA1_Channel7_IRQHandler
                0x00000000080041a8       0x8c .objs/neopixel_rgbw.o
                0x00000000080041a8                DMA1_Channel7_IRQHandler
 .text.neopixel_update_buffer
                0x0000000008004234       0x98 .objs/neopixel_rgbw.o
                0x0000000008004234                neopixel_update_buffer
 .text.neopixel_rgbw_set_led
                0x00000000080042cc       0x34 .objs/neopixel_rgbw.o
                0x00000000080042cc                neopixel_rgbw_set_led
 .text.neopixel_buffer_available
                0x0000000008004300       0x24 .objs/neopixel_rgbw.o
                0x0000000008004300                neopixel_buffer_available
 .text.neopixel_rgbw_init
                0x0000000008004324      0x194 .objs/neopixel_rgbw.o
                0x0000000008004324                neopixel_rgbw_init
 .text.cc2520_dma_trx
                0x00000000080044b8       0x48 .objs/cc2520.o
                0x00000000080044b8                cc2520_dma_trx
 .text.cc2520_thread
                0x0000000008004500       0xa0 .objs/cc2520.o
                0x0000000008004500                cc2520_thread
 .text.cc2520_init
                0x00000000080045a0       0xe8 .objs/cc2520.o
                0x00000000080045a0                cc2520_init
 .text.Reset_Handler
                0x0000000008004688       0x48 /var/folders/5v/vw99x5bd2c506kbq14ntyw6w0000gn/T//ccP251Gt.o
                0x0000000008004688                Reset_Handler
 .text.abort    0x00000000080046d0        0xe /usr/local/gcc-arm-none-eabi-5_2-2015q4/bin/../lib/gcc/arm-none-eabi/5.2.1/../../../../arm-none-eabi/lib/armv7e-m/fpu/fpv5-sp-d16/libg_nano.a(lib_a-abort.o)
                0x00000000080046d0                abort
 .text.bzero    0x00000000080046de       0x10 /usr/local/gcc-arm-none-eabi-5_2-2015q4/bin/../lib/gcc/arm-none-eabi/5.2.1/../../../../arm-none-eabi/lib/armv7e-m/fpu/fpv5-sp-d16/libg_nano.a(lib_a-bzero.o)
                0x00000000080046de                bzero
 *fill*         0x00000000080046ee        0x2 
 .text.__libc_init_array
                0x00000000080046f0       0x4c /usr/local/gcc-arm-none-eabi-5_2-2015q4/bin/../lib/gcc/arm-none-eabi/5.2.1/../../../../arm-none-eabi/lib/armv7e-m/fpu/fpv5-sp-d16/libg_nano.a(lib_a-init.o)
                0x00000000080046f0                __libc_init_array
 .text.memcpy   0x000000000800473c       0x16 /usr/local/gcc-arm-none-eabi-5_2-2015q4/bin/../lib/gcc/arm-none-eabi/5.2.1/../../../../arm-none-eabi/lib/armv7e-m/fpu/fpv5-sp-d16/libg_nano.a(lib_a-memcpy-stub.o)
                0x000000000800473c                memcpy
 .text.memset   0x0000000008004752       0x10 /usr/local/gcc-arm-none-eabi-5_2-2015q4/bin/../lib/gcc/arm-none-eabi/5.2.1/../../../../arm-none-eabi/lib/armv7e-m/fpu/fpv5-sp-d16/libg_nano.a(lib_a-memset.o)
                0x0000000008004752                memset
 *fill*         0x0000000008004762        0x2 
 .text.printf   0x0000000008004764       0x30 /usr/local/gcc-arm-none-eabi-5_2-2015q4/bin/../lib/gcc/arm-none-eabi/5.2.1/../../../../arm-none-eabi/lib/armv7e-m/fpu/fpv5-sp-d16/libg_nano.a(lib_a-printf.o)
                0x0000000008004764                printf
                0x0000000008004764                iprintf
 .text._puts_r  0x0000000008004794       0xf0 /usr/local/gcc-arm-none-eabi-5_2-2015q4/bin/../lib/gcc/arm-none-eabi/5.2.1/../../../../arm-none-eabi/lib/armv7e-m/fpu/fpv5-sp-d16/libg_nano.a(lib_a-puts.o)
                0x0000000008004794                _puts_r
 .text.puts     0x0000000008004884       0x10 /usr/local/gcc-arm-none-eabi-5_2-2015q4/bin/../lib/gcc/arm-none-eabi/5.2.1/../../../../arm-none-eabi/lib/armv7e-m/fpu/fpv5-sp-d16/libg_nano.a(lib_a-puts.o)
                0x0000000008004884                puts
 .text._raise_r
                0x0000000008004894       0x54 /usr/local/gcc-arm-none-eabi-5_2-2015q4/bin/../lib/gcc/arm-none-eabi/5.2.1/../../../../arm-none-eabi/lib/armv7e-m/fpu/fpv5-sp-d16/libg_nano.a(lib_a-signal.o)
                0x0000000008004894                _raise_r
 .text.raise    0x00000000080048e8       0x10 /usr/local/gcc-arm-none-eabi-5_2-2015q4/bin/../lib/gcc/arm-none-eabi/5.2.1/../../../../arm-none-eabi/lib/armv7e-m/fpu/fpv5-sp-d16/libg_nano.a(lib_a-signal.o)
                0x00000000080048e8                raise
 .text._kill_r  0x00000000080048f8       0x24 /usr/local/gcc-arm-none-eabi-5_2-2015q4/bin/../lib/gcc/arm-none-eabi/5.2.1/../../../../arm-none-eabi/lib/armv7e-m/fpu/fpv5-sp-d16/libg_nano.a(lib_a-signalr.o)
                0x00000000080048f8                _kill_r
 .text._getpid_r
                0x000000000800491c        0x4 /usr/local/gcc-arm-none-eabi-5_2-2015q4/bin/../lib/gcc/arm-none-eabi/5.2.1/../../../../arm-none-eabi/lib/armv7e-m/fpu/fpv5-sp-d16/libg_nano.a(lib_a-signalr.o)
                0x000000000800491c                _getpid_r
 .text.__swbuf_r
                0x0000000008004920       0xa8 /usr/local/gcc-arm-none-eabi-5_2-2015q4/bin/../lib/gcc/arm-none-eabi/5.2.1/../../../../arm-none-eabi/lib/armv7e-m/fpu/fpv5-sp-d16/libg_nano.a(lib_a-wbuf.o)
                0x0000000008004920                __swbuf_r
 .text.__swsetup_r
                0x00000000080049c8       0xd8 /usr/local/gcc-arm-none-eabi-5_2-2015q4/bin/../lib/gcc/arm-none-eabi/5.2.1/../../../../arm-none-eabi/lib/armv7e-m/fpu/fpv5-sp-d16/libg_nano.a(lib_a-wsetup.o)
                0x00000000080049c8                __swsetup_r
 .text.__sflush_r
                0x0000000008004aa0      0x110 /usr/local/gcc-arm-none-eabi-5_2-2015q4/bin/../lib/gcc/arm-none-eabi/5.2.1/../../../../arm-none-eabi/lib/armv7e-m/fpu/fpv5-sp-d16/libg_nano.a(lib_a-fflush.o)
                0x0000000008004aa0                __sflush_r
 .text._fflush_r
                0x0000000008004bb0       0x54 /usr/local/gcc-arm-none-eabi-5_2-2015q4/bin/../lib/gcc/arm-none-eabi/5.2.1/../../../../arm-none-eabi/lib/armv7e-m/fpu/fpv5-sp-d16/libg_nano.a(lib_a-fflush.o)
                0x0000000008004bb0                _fflush_r
 .text._cleanup_r
                0x0000000008004c04        0xc /usr/local/gcc-arm-none-eabi-5_2-2015q4/bin/../lib/gcc/arm-none-eabi/5.2.1/../../../../arm-none-eabi/lib/armv7e-m/fpu/fpv5-sp-d16/libg_nano.a(lib_a-findfp.o)
                0x0000000008004c04                _cleanup_r
 .text.std.isra.0
                0x0000000008004c10       0x48 /usr/local/gcc-arm-none-eabi-5_2-2015q4/bin/../lib/gcc/arm-none-eabi/5.2.1/../../../../arm-none-eabi/lib/armv7e-m/fpu/fpv5-sp-d16/libg_nano.a(lib_a-findfp.o)
 .text.__sfmoreglue
                0x0000000008004c58       0x2c /usr/local/gcc-arm-none-eabi-5_2-2015q4/bin/../lib/gcc/arm-none-eabi/5.2.1/../../../../arm-none-eabi/lib/armv7e-m/fpu/fpv5-sp-d16/libg_nano.a(lib_a-findfp.o)
                0x0000000008004c58                __sfmoreglue
 .text.__sinit  0x0000000008004c84       0x60 /usr/local/gcc-arm-none-eabi-5_2-2015q4/bin/../lib/gcc/arm-none-eabi/5.2.1/../../../../arm-none-eabi/lib/armv7e-m/fpu/fpv5-sp-d16/libg_nano.a(lib_a-findfp.o)
                0x0000000008004c84                __sinit
 .text.__sfp    0x0000000008004ce4       0x78 /usr/local/gcc-arm-none-eabi-5_2-2015q4/bin/../lib/gcc/arm-none-eabi/5.2.1/../../../../arm-none-eabi/lib/armv7e-m/fpu/fpv5-sp-d16/libg_nano.a(lib_a-findfp.o)
                0x0000000008004ce4                __sfp
 .text._fwalk_reent
                0x0000000008004d5c       0x3c /usr/local/gcc-arm-none-eabi-5_2-2015q4/bin/../lib/gcc/arm-none-eabi/5.2.1/../../../../arm-none-eabi/lib/armv7e-m/fpu/fpv5-sp-d16/libg_nano.a(lib_a-fwalk.o)
                0x0000000008004d5c                _fwalk_reent
 .text.__smakebuf_r
                0x0000000008004d98       0x9c /usr/local/gcc-arm-none-eabi-5_2-2015q4/bin/../lib/gcc/arm-none-eabi/5.2.1/../../../../arm-none-eabi/lib/armv7e-m/fpu/fpv5-sp-d16/libg_nano.a(lib_a-makebuf.o)
                0x0000000008004d98                __smakebuf_r
 .text._free_r  0x0000000008004e34       0x8c /usr/local/gcc-arm-none-eabi-5_2-2015q4/bin/../lib/gcc/arm-none-eabi/5.2.1/../../../../arm-none-eabi/lib/armv7e-m/fpu/fpv5-sp-d16/libg_nano.a(lib_a-nano-freer.o)
                0x0000000008004e34                _free_r
 .text._malloc_r
                0x0000000008004ec0       0xa8 /usr/local/gcc-arm-none-eabi-5_2-2015q4/bin/../lib/gcc/arm-none-eabi/5.2.1/../../../../arm-none-eabi/lib/armv7e-m/fpu/fpv5-sp-d16/libg_nano.a(lib_a-nano-mallocr.o)
                0x0000000008004ec0                _malloc_r
 .text.__sfputc_r
                0x0000000008004f68       0x30 /usr/local/gcc-arm-none-eabi-5_2-2015q4/bin/../lib/gcc/arm-none-eabi/5.2.1/../../../../arm-none-eabi/lib/armv7e-m/fpu/fpv5-sp-d16/libg_nano.a(lib_a-nano-vfprintf.o)
 .text.__sfputs_r
                0x0000000008004f98       0x24 /usr/local/gcc-arm-none-eabi-5_2-2015q4/bin/../lib/gcc/arm-none-eabi/5.2.1/../../../../arm-none-eabi/lib/armv7e-m/fpu/fpv5-sp-d16/libg_nano.a(lib_a-nano-vfprintf.o)
                0x0000000008004f98                __sfputs_r
 .text._vfprintf_r
                0x0000000008004fbc      0x238 /usr/local/gcc-arm-none-eabi-5_2-2015q4/bin/../lib/gcc/arm-none-eabi/5.2.1/../../../../arm-none-eabi/lib/armv7e-m/fpu/fpv5-sp-d16/libg_nano.a(lib_a-nano-vfprintf.o)
                0x0000000008004fbc                _vfiprintf_r
                0x0000000008004fbc                _vfprintf_r
 .text._printf_common
                0x00000000080051f4       0xec /usr/local/gcc-arm-none-eabi-5_2-2015q4/bin/../lib/gcc/arm-none-eabi/5.2.1/../../../../arm-none-eabi/lib/armv7e-m/fpu/fpv5-sp-d16/libg_nano.a(lib_a-nano-vfprintf_i.o)
                0x00000000080051f4                _printf_common
 .text._printf_i
                0x00000000080052e0      0x24c /usr/local/gcc-arm-none-eabi-5_2-2015q4/bin/../lib/gcc/arm-none-eabi/5.2.1/../../../../arm-none-eabi/lib/armv7e-m/fpu/fpv5-sp-d16/libg_nano.a(lib_a-nano-vfprintf_i.o)
                0x00000000080052e0                _printf_i
 .text._sbrk_r  0x000000000800552c       0x20 /usr/local/gcc-arm-none-eabi-5_2-2015q4/bin/../lib/gcc/arm-none-eabi/5.2.1/../../../../arm-none-eabi/lib/armv7e-m/fpu/fpv5-sp-d16/libg_nano.a(lib_a-sbrkr.o)
                0x000000000800552c                _sbrk_r
 .text.__sread  0x000000000800554c       0x22 /usr/local/gcc-arm-none-eabi-5_2-2015q4/bin/../lib/gcc/arm-none-eabi/5.2.1/../../../../arm-none-eabi/lib/armv7e-m/fpu/fpv5-sp-d16/libg_nano.a(lib_a-stdio.o)
                0x000000000800554c                __sread
 .text.__swrite
                0x000000000800556e       0x38 /usr/local/gcc-arm-none-eabi-5_2-2015q4/bin/../lib/gcc/arm-none-eabi/5.2.1/../../../../arm-none-eabi/lib/armv7e-m/fpu/fpv5-sp-d16/libg_nano.a(lib_a-stdio.o)
                0x000000000800556e                __swrite
 .text.__sseek  0x00000000080055a6       0x24 /usr/local/gcc-arm-none-eabi-5_2-2015q4/bin/../lib/gcc/arm-none-eabi/5.2.1/../../../../arm-none-eabi/lib/armv7e-m/fpu/fpv5-sp-d16/libg_nano.a(lib_a-stdio.o)
                0x00000000080055a6                __sseek
 .text.__sclose
                0x00000000080055ca        0x8 /usr/local/gcc-arm-none-eabi-5_2-2015q4/bin/../lib/gcc/arm-none-eabi/5.2.1/../../../../arm-none-eabi/lib/armv7e-m/fpu/fpv5-sp-d16/libg_nano.a(lib_a-stdio.o)
                0x00000000080055ca                __sclose
 *fill*         0x00000000080055d2        0x2 
 .text._write_r
                0x00000000080055d4       0x24 /usr/local/gcc-arm-none-eabi-5_2-2015q4/bin/../lib/gcc/arm-none-eabi/5.2.1/../../../../arm-none-eabi/lib/armv7e-m/fpu/fpv5-sp-d16/libg_nano.a(lib_a-writer.o)
                0x00000000080055d4                _write_r
 .text._close_r
                0x00000000080055f8       0x20 /usr/local/gcc-arm-none-eabi-5_2-2015q4/bin/../lib/gcc/arm-none-eabi/5.2.1/../../../../arm-none-eabi/lib/armv7e-m/fpu/fpv5-sp-d16/libg_nano.a(lib_a-closer.o)
                0x00000000080055f8                _close_r
 .text._fstat_r
                0x0000000008005618       0x24 /usr/local/gcc-arm-none-eabi-5_2-2015q4/bin/../lib/gcc/arm-none-eabi/5.2.1/../../../../arm-none-eabi/lib/armv7e-m/fpu/fpv5-sp-d16/libg_nano.a(lib_a-fstatr.o)
                0x0000000008005618                _fstat_r
 .text._isatty_r
                0x000000000800563c       0x20 /usr/local/gcc-arm-none-eabi-5_2-2015q4/bin/../lib/gcc/arm-none-eabi/5.2.1/../../../../arm-none-eabi/lib/armv7e-m/fpu/fpv5-sp-d16/libg_nano.a(lib_a-isattyr.o)
                0x000000000800563c                _isatty_r
 .text._lseek_r
                0x000000000800565c       0x24 /usr/local/gcc-arm-none-eabi-5_2-2015q4/bin/../lib/gcc/arm-none-eabi/5.2.1/../../../../arm-none-eabi/lib/armv7e-m/fpu/fpv5-sp-d16/libg_nano.a(lib_a-lseekr.o)
                0x000000000800565c                _lseek_r
 .text._read_r  0x0000000008005680       0x24 /usr/local/gcc-arm-none-eabi-5_2-2015q4/bin/../lib/gcc/arm-none-eabi/5.2.1/../../../../arm-none-eabi/lib/armv7e-m/fpu/fpv5-sp-d16/libg_nano.a(lib_a-readr.o)
                0x0000000008005680                _read_r
 .text._close   0x00000000080056a4       0x10 /usr/local/gcc-arm-none-eabi-5_2-2015q4/bin/../lib/gcc/arm-none-eabi/5.2.1/../../../../arm-none-eabi/lib/armv7e-m/fpu/fpv5-sp-d16/libnosys.a(close.o)
                0x00000000080056a4                _close
 .text._fstat   0x00000000080056b4       0x10 /usr/local/gcc-arm-none-eabi-5_2-2015q4/bin/../lib/gcc/arm-none-eabi/5.2.1/../../../../arm-none-eabi/lib/armv7e-m/fpu/fpv5-sp-d16/libnosys.a(fstat.o)
                0x00000000080056b4                _fstat
 .text._getpid  0x00000000080056c4       0x10 /usr/local/gcc-arm-none-eabi-5_2-2015q4/bin/../lib/gcc/arm-none-eabi/5.2.1/../../../../arm-none-eabi/lib/armv7e-m/fpu/fpv5-sp-d16/libnosys.a(getpid.o)
                0x00000000080056c4                _getpid
 .text._isatty  0x00000000080056d4       0x10 /usr/local/gcc-arm-none-eabi-5_2-2015q4/bin/../lib/gcc/arm-none-eabi/5.2.1/../../../../arm-none-eabi/lib/armv7e-m/fpu/fpv5-sp-d16/libnosys.a(isatty.o)
                0x00000000080056d4                _isatty
 .text._kill    0x00000000080056e4       0x10 /usr/local/gcc-arm-none-eabi-5_2-2015q4/bin/../lib/gcc/arm-none-eabi/5.2.1/../../../../arm-none-eabi/lib/armv7e-m/fpu/fpv5-sp-d16/libnosys.a(kill.o)
                0x00000000080056e4                _kill
 .text._lseek   0x00000000080056f4       0x10 /usr/local/gcc-arm-none-eabi-5_2-2015q4/bin/../lib/gcc/arm-none-eabi/5.2.1/../../../../arm-none-eabi/lib/armv7e-m/fpu/fpv5-sp-d16/libnosys.a(lseek.o)
                0x00000000080056f4                _lseek
 .text._sbrk    0x0000000008005704       0x1c /usr/local/gcc-arm-none-eabi-5_2-2015q4/bin/../lib/gcc/arm-none-eabi/5.2.1/../../../../arm-none-eabi/lib/armv7e-m/fpu/fpv5-sp-d16/libnosys.a(sbrk.o)
                0x0000000008005704                _sbrk
 .text._exit    0x0000000008005720        0x4 /usr/local/gcc-arm-none-eabi-5_2-2015q4/bin/../lib/gcc/arm-none-eabi/5.2.1/../../../../arm-none-eabi/lib/armv7e-m/fpu/fpv5-sp-d16/libnosys.a(_exit.o)
                0x0000000008005720                _exit
 *(.rodata)
 .rodata        0x0000000008005724       0x7c .objs/cc2520.o
 *(.rodata*)
 .rodata.sinTable_f32
                0x00000000080057a0      0x804 .objs/CMSIS-SP-00300-r4p5-00rel0/CMSIS/DSP_Lib/Source/CommonTables/arm_common_tables.o
                0x00000000080057a0                sinTable_f32
 .rodata.os_maxtaskrun
                0x0000000008005fa4        0x2 .objs/main.o
                0x0000000008005fa4                os_maxtaskrun
 *fill*         0x0000000008005fa6        0x2 
 .rodata.os_stackinfo
                0x0000000008005fa8        0x4 .objs/main.o
                0x0000000008005fa8                os_stackinfo
 .rodata.os_rrobin
                0x0000000008005fac        0x4 .objs/main.o
                0x0000000008005fac                os_rrobin
 .rodata.os_trv
                0x0000000008005fb0        0x4 .objs/main.o
                0x0000000008005fb0                os_trv
 .rodata.os_flags
                0x0000000008005fb4        0x1 .objs/main.o
                0x0000000008005fb4                os_flags
 *fill*         0x0000000008005fb5        0x3 
 .rodata.os_clockrate
                0x0000000008005fb8        0x4 .objs/main.o
                0x0000000008005fb8                os_clockrate
 .rodata.mp_tcb_size
                0x0000000008005fbc        0x2 .objs/main.o
                0x0000000008005fbc                mp_tcb_size
 *fill*         0x0000000008005fbe        0x2 
 .rodata.mp_stk_size
                0x0000000008005fc0        0x4 .objs/main.o
                0x0000000008005fc0                mp_stk_size
 .rodata.os_stack_sz
                0x0000000008005fc4        0x4 .objs/main.o
                0x0000000008005fc4                os_stack_sz
 .rodata.os_fifo_size
                0x0000000008005fc8        0x1 .objs/main.o
                0x0000000008005fc8                os_fifo_size
 *fill*         0x0000000008005fc9        0x3 
 .rodata.os_thread_def_osTimerThread
                0x0000000008005fcc       0x10 .objs/main.o
                0x0000000008005fcc                os_thread_def_osTimerThread
 .rodata.os_messageQ_def_osTimerMessageQ
                0x0000000008005fdc        0x8 .objs/main.o
                0x0000000008005fdc                os_messageQ_def_osTimerMessageQ
 .rodata.mp_tmr_size
                0x0000000008005fe4        0x2 .objs/main.o
                0x0000000008005fe4                mp_tmr_size
 *fill*         0x0000000008005fe6        0x2 
 .rodata.os_thread_def_Thread
                0x0000000008005fe8       0x10 .objs/main.o
                0x0000000008005fe8                os_thread_def_Thread
 .rodata.os_thread_def_Thread_StsLED
                0x0000000008005ff8       0x10 .objs/main.o
                0x0000000008005ff8                os_thread_def_Thread_StsLED
 .rodata.str1.4
                0x0000000008006008       0x48 .objs/main.o
                                         0x47 (size before relaxing)
 .rodata.os_thread_def_cc2520_thread
                0x0000000008006050       0x10 .objs/cc2520.o
                0x0000000008006050                os_thread_def_cc2520_thread
 .rodata.str1.1
                0x0000000008006060        0x2 /usr/local/gcc-arm-none-eabi-5_2-2015q4/bin/../lib/gcc/arm-none-eabi/5.2.1/../../../../arm-none-eabi/lib/armv7e-m/fpu/fpv5-sp-d16/libg_nano.a(lib_a-impure.o)
 *fill*         0x0000000008006062        0x2 
 .rodata._global_impure_ptr
                0x0000000008006064        0x4 /usr/local/gcc-arm-none-eabi-5_2-2015q4/bin/../lib/gcc/arm-none-eabi/5.2.1/../../../../arm-none-eabi/lib/armv7e-m/fpu/fpv5-sp-d16/libg_nano.a(lib_a-impure.o)
                0x0000000008006064                _global_impure_ptr
 .rodata.__sf_fake_stdin
                0x0000000008006068       0x20 /usr/local/gcc-arm-none-eabi-5_2-2015q4/bin/../lib/gcc/arm-none-eabi/5.2.1/../../../../arm-none-eabi/lib/armv7e-m/fpu/fpv5-sp-d16/libg_nano.a(lib_a-findfp.o)
                0x0000000008006068                __sf_fake_stdin
 .rodata.__sf_fake_stdout
                0x0000000008006088       0x20 /usr/local/gcc-arm-none-eabi-5_2-2015q4/bin/../lib/gcc/arm-none-eabi/5.2.1/../../../../arm-none-eabi/lib/armv7e-m/fpu/fpv5-sp-d16/libg_nano.a(lib_a-findfp.o)
                0x0000000008006088                __sf_fake_stdout
 .rodata.__sf_fake_stderr
                0x00000000080060a8       0x20 /usr/local/gcc-arm-none-eabi-5_2-2015q4/bin/../lib/gcc/arm-none-eabi/5.2.1/../../../../arm-none-eabi/lib/armv7e-m/fpu/fpv5-sp-d16/libg_nano.a(lib_a-findfp.o)
                0x00000000080060a8                __sf_fake_stderr
 .rodata.str1.1
                0x00000000080060c8       0x11 /usr/local/gcc-arm-none-eabi-5_2-2015q4/bin/../lib/gcc/arm-none-eabi/5.2.1/../../../../arm-none-eabi/lib/armv7e-m/fpu/fpv5-sp-d16/libg_nano.a(lib_a-nano-vfprintf.o)
 .rodata.str1.1
                0x00000000080060d9       0x22 /usr/local/gcc-arm-none-eabi-5_2-2015q4/bin/../lib/gcc/arm-none-eabi/5.2.1/../../../../arm-none-eabi/lib/armv7e-m/fpu/fpv5-sp-d16/libg_nano.a(lib_a-nano-vfprintf_i.o)
 *(.glue_7)
 .glue_7        0x00000000080060fb        0x0 linker stubs
 *(.glue_7t)
 .glue_7t       0x00000000080060fb        0x0 linker stubs
 *(.init)
 *fill*         0x00000000080060fb        0x1 
 .init          0x00000000080060fc        0x4 /usr/local/gcc-arm-none-eabi-5_2-2015q4/bin/../lib/gcc/arm-none-eabi/5.2.1/armv7e-m/fpu/fpv5-sp-d16/crti.o
                0x00000000080060fc                _init
 .init          0x0000000008006100        0x8 /usr/local/gcc-arm-none-eabi-5_2-2015q4/bin/../lib/gcc/arm-none-eabi/5.2.1/armv7e-m/fpu/fpv5-sp-d16/crtn.o
 *(.fini)
 .fini          0x0000000008006108        0x4 /usr/local/gcc-arm-none-eabi-5_2-2015q4/bin/../lib/gcc/arm-none-eabi/5.2.1/armv7e-m/fpu/fpv5-sp-d16/crti.o
                0x0000000008006108                _fini
 .fini          0x000000000800610c        0x8 /usr/local/gcc-arm-none-eabi-5_2-2015q4/bin/../lib/gcc/arm-none-eabi/5.2.1/armv7e-m/fpu/fpv5-sp-d16/crtn.o
                0x0000000008006114                . = ALIGN (0x4)
                0x0000000008006114                _etext = .

.vfp11_veneer   0x0000000008006114        0x0
 .vfp11_veneer  0x0000000008006114        0x0 linker stubs

.v4_bx          0x0000000008006114        0x0
 .v4_bx         0x0000000008006114        0x0 linker stubs

.iplt           0x0000000008006114        0x0
 .iplt          0x0000000008006114        0x0 /usr/local/gcc-arm-none-eabi-5_2-2015q4/bin/../lib/gcc/arm-none-eabi/5.2.1/armv7e-m/fpu/fpv5-sp-d16/crtbegin.o

.ARM.exidx      0x0000000008006114      0x3f8
                0x0000000008006114                __exidx_start = .
 *(.ARM.exidx*)
 .ARM.exidx.text.rt_init_stack
                0x00000000080061cc        0x8 .objs/CMSIS-SP-00300-r4p5-00rel0/CMSIS/RTOS/RTX/SRC/HAL_CM.o
 .ARM.exidx.text.rt_ret_regs
                0x00000000080061d4        0x8 .objs/CMSIS-SP-00300-r4p5-00rel0/CMSIS/RTOS/RTX/SRC/HAL_CM.o
 .ARM.exidx.text.rt_ret_val
                0x00000000080061dc        0x8 .objs/CMSIS-SP-00300-r4p5-00rel0/CMSIS/RTOS/RTX/SRC/HAL_CM.o
 .ARM.exidx.text.rt_ret_val2
                0x00000000080061e4        0x8 .objs/CMSIS-SP-00300-r4p5-00rel0/CMSIS/RTOS/RTX/SRC/HAL_CM.o
 .ARM.exidx.text.rt_ms2tick
                0x00000000080061ec        0x8 .objs/CMSIS-SP-00300-r4p5-00rel0/CMSIS/RTOS/RTX/SRC/rt_CMSIS.o
 .ARM.exidx.text.rt_tid2ptcb
                0x00000000080061f4        0x8 .objs/CMSIS-SP-00300-r4p5-00rel0/CMSIS/RTOS/RTX/SRC/rt_CMSIS.o
 .ARM.exidx.text.rt_id2obj
                0x00000000080061fc        0x8 .objs/CMSIS-SP-00300-r4p5-00rel0/CMSIS/RTOS/RTX/SRC/rt_CMSIS.o
 .ARM.exidx.text.svcKernelInitialize
                0x0000000008006204        0x8 .objs/CMSIS-SP-00300-r4p5-00rel0/CMSIS/RTOS/RTX/SRC/rt_CMSIS.o
 .ARM.exidx.text.svcKernelStart
                0x000000000800620c        0x8 .objs/CMSIS-SP-00300-r4p5-00rel0/CMSIS/RTOS/RTX/SRC/rt_CMSIS.o
 .ARM.exidx.text.osKernelInitialize
                0x0000000008006214        0x8 .objs/CMSIS-SP-00300-r4p5-00rel0/CMSIS/RTOS/RTX/SRC/rt_CMSIS.o
 .ARM.exidx.text.osKernelStart
                0x000000000800621c        0x8 .objs/CMSIS-SP-00300-r4p5-00rel0/CMSIS/RTOS/RTX/SRC/rt_CMSIS.o
 .ARM.exidx.text.sysThreadError
                0x0000000008006224        0x8 .objs/CMSIS-SP-00300-r4p5-00rel0/CMSIS/RTOS/RTX/SRC/rt_CMSIS.o
 .ARM.exidx.text.svcThreadCreate
                0x000000000800622c        0x8 .objs/CMSIS-SP-00300-r4p5-00rel0/CMSIS/RTOS/RTX/SRC/rt_CMSIS.o
 .ARM.exidx.text.svcThreadGetId
                0x0000000008006234        0x8 .objs/CMSIS-SP-00300-r4p5-00rel0/CMSIS/RTOS/RTX/SRC/rt_CMSIS.o
 .ARM.exidx.text.svcThreadTerminate
                0x000000000800623c        0x8 .objs/CMSIS-SP-00300-r4p5-00rel0/CMSIS/RTOS/RTX/SRC/rt_CMSIS.o
 .ARM.exidx.text.svcThreadYield
                0x0000000008006244        0x8 .objs/CMSIS-SP-00300-r4p5-00rel0/CMSIS/RTOS/RTX/SRC/rt_CMSIS.o
 .ARM.exidx.text.osThreadCreate
                0x000000000800624c        0x8 .objs/CMSIS-SP-00300-r4p5-00rel0/CMSIS/RTOS/RTX/SRC/rt_CMSIS.o
 .ARM.exidx.text.osThreadYield
                0x0000000008006254        0x8 .objs/CMSIS-SP-00300-r4p5-00rel0/CMSIS/RTOS/RTX/SRC/rt_CMSIS.o
 .ARM.exidx.text.osThreadExit
                0x000000000800625c        0x8 .objs/CMSIS-SP-00300-r4p5-00rel0/CMSIS/RTOS/RTX/SRC/rt_CMSIS.o
 .ARM.exidx.text.svcDelay
                0x0000000008006264        0x8 .objs/CMSIS-SP-00300-r4p5-00rel0/CMSIS/RTOS/RTX/SRC/rt_CMSIS.o
 .ARM.exidx.text.osDelay
                0x000000000800626c        0x8 .objs/CMSIS-SP-00300-r4p5-00rel0/CMSIS/RTOS/RTX/SRC/rt_CMSIS.o
 .ARM.exidx.text.rt_timer_insert
                0x0000000008006274        0x8 .objs/CMSIS-SP-00300-r4p5-00rel0/CMSIS/RTOS/RTX/SRC/rt_CMSIS.o
 .ARM.exidx.text.svcTimerCall
                0x000000000800627c        0x8 .objs/CMSIS-SP-00300-r4p5-00rel0/CMSIS/RTOS/RTX/SRC/rt_CMSIS.o
 .ARM.exidx.text.sysTimerTick
                0x0000000008006284        0x8 .objs/CMSIS-SP-00300-r4p5-00rel0/CMSIS/RTOS/RTX/SRC/rt_CMSIS.o
 .ARM.exidx.text.osTimerCall
                0x000000000800628c        0x8 .objs/CMSIS-SP-00300-r4p5-00rel0/CMSIS/RTOS/RTX/SRC/rt_CMSIS.o
 .ARM.exidx.text.osTimerThread
                0x0000000008006294        0x8 .objs/CMSIS-SP-00300-r4p5-00rel0/CMSIS/RTOS/RTX/SRC/rt_CMSIS.o
 .ARM.exidx.text.svcMessageCreate
                0x000000000800629c        0x8 .objs/CMSIS-SP-00300-r4p5-00rel0/CMSIS/RTOS/RTX/SRC/rt_CMSIS.o
 .ARM.exidx.text.svcMessageGet
                0x00000000080062a4        0x8 .objs/CMSIS-SP-00300-r4p5-00rel0/CMSIS/RTOS/RTX/SRC/rt_CMSIS.o
 .ARM.exidx.text.isrMessagePut
                0x00000000080062ac        0x8 .objs/CMSIS-SP-00300-r4p5-00rel0/CMSIS/RTOS/RTX/SRC/rt_CMSIS.o
 .ARM.exidx.text.isrMessageGet
                0x00000000080062b4        0x8 .objs/CMSIS-SP-00300-r4p5-00rel0/CMSIS/RTOS/RTX/SRC/rt_CMSIS.o
 .ARM.exidx.text.osMessageGet
                0x00000000080062bc        0x8 .objs/CMSIS-SP-00300-r4p5-00rel0/CMSIS/RTOS/RTX/SRC/rt_CMSIS.o
 .ARM.exidx.text.rt_evt_psh
                0x00000000080062c4        0x8 .objs/CMSIS-SP-00300-r4p5-00rel0/CMSIS/RTOS/RTX/SRC/rt_Event.o
 .ARM.exidx.text.rt_inc_qi
                0x00000000080062cc        0x8 .objs/CMSIS-SP-00300-r4p5-00rel0/CMSIS/RTOS/RTX/SRC/rt_List.o
 .ARM.exidx.text.rt_put_prio
                0x00000000080062d4        0x8 .objs/CMSIS-SP-00300-r4p5-00rel0/CMSIS/RTOS/RTX/SRC/rt_List.o
 .ARM.exidx.text.rt_get_first
                0x00000000080062dc        0x8 .objs/CMSIS-SP-00300-r4p5-00rel0/CMSIS/RTOS/RTX/SRC/rt_List.o
 .ARM.exidx.text.rt_put_rdy_first
                0x00000000080062e4        0x8 .objs/CMSIS-SP-00300-r4p5-00rel0/CMSIS/RTOS/RTX/SRC/rt_List.o
 .ARM.exidx.text.rt_get_same_rdy_prio
                0x00000000080062ec        0x8 .objs/CMSIS-SP-00300-r4p5-00rel0/CMSIS/RTOS/RTX/SRC/rt_List.o
 .ARM.exidx.text.rt_resort_prio
                0x00000000080062f4        0x8 .objs/CMSIS-SP-00300-r4p5-00rel0/CMSIS/RTOS/RTX/SRC/rt_List.o
 .ARM.exidx.text.rt_put_dly
                0x00000000080062fc        0x8 .objs/CMSIS-SP-00300-r4p5-00rel0/CMSIS/RTOS/RTX/SRC/rt_List.o
 .ARM.exidx.text.rt_dec_dly
                0x0000000008006304        0x8 .objs/CMSIS-SP-00300-r4p5-00rel0/CMSIS/RTOS/RTX/SRC/rt_List.o
 .ARM.exidx.text.rt_rmv_list
                0x000000000800630c        0x8 .objs/CMSIS-SP-00300-r4p5-00rel0/CMSIS/RTOS/RTX/SRC/rt_List.o
 .ARM.exidx.text.rt_rmv_dly
                0x0000000008006314        0x8 .objs/CMSIS-SP-00300-r4p5-00rel0/CMSIS/RTOS/RTX/SRC/rt_List.o
 .ARM.exidx.text.rt_psq_enq
                0x000000000800631c        0x8 .objs/CMSIS-SP-00300-r4p5-00rel0/CMSIS/RTOS/RTX/SRC/rt_List.o
 .ARM.exidx.text.rt_mbx_init
                0x0000000008006324        0x8 .objs/CMSIS-SP-00300-r4p5-00rel0/CMSIS/RTOS/RTX/SRC/rt_Mailbox.o
 .ARM.exidx.text.rt_mbx_wait
                0x000000000800632c        0x8 .objs/CMSIS-SP-00300-r4p5-00rel0/CMSIS/RTOS/RTX/SRC/rt_Mailbox.o
 .ARM.exidx.text.rt_mbx_check
                0x0000000008006334        0x8 .objs/CMSIS-SP-00300-r4p5-00rel0/CMSIS/RTOS/RTX/SRC/rt_Mailbox.o
 .ARM.exidx.text.isr_mbx_send
                0x000000000800633c        0x8 .objs/CMSIS-SP-00300-r4p5-00rel0/CMSIS/RTOS/RTX/SRC/rt_Mailbox.o
 .ARM.exidx.text.isr_mbx_receive
                0x0000000008006344        0x8 .objs/CMSIS-SP-00300-r4p5-00rel0/CMSIS/RTOS/RTX/SRC/rt_Mailbox.o
 .ARM.exidx.text.rt_mbx_psh
                0x000000000800634c        0x8 .objs/CMSIS-SP-00300-r4p5-00rel0/CMSIS/RTOS/RTX/SRC/rt_Mailbox.o
 .ARM.exidx.text._init_box
                0x0000000008006354        0x8 .objs/CMSIS-SP-00300-r4p5-00rel0/CMSIS/RTOS/RTX/SRC/rt_MemBox.o
 .ARM.exidx.text.rt_alloc_box
                0x000000000800635c        0x8 .objs/CMSIS-SP-00300-r4p5-00rel0/CMSIS/RTOS/RTX/SRC/rt_MemBox.o
 .ARM.exidx.text.rt_free_box
                0x0000000008006364        0x8 .objs/CMSIS-SP-00300-r4p5-00rel0/CMSIS/RTOS/RTX/SRC/rt_MemBox.o
 .ARM.exidx.text.rt_init_mem
                0x000000000800636c        0x8 .objs/CMSIS-SP-00300-r4p5-00rel0/CMSIS/RTOS/RTX/SRC/rt_Memory.o
 .ARM.exidx.text.rt_alloc_mem
                0x0000000008006374        0x8 .objs/CMSIS-SP-00300-r4p5-00rel0/CMSIS/RTOS/RTX/SRC/rt_Memory.o
 .ARM.exidx.text.rt_free_mem
                0x000000000800637c        0x8 .objs/CMSIS-SP-00300-r4p5-00rel0/CMSIS/RTOS/RTX/SRC/rt_Memory.o
 .ARM.exidx.text.rt_init_robin
                0x0000000008006384        0x8 .objs/CMSIS-SP-00300-r4p5-00rel0/CMSIS/RTOS/RTX/SRC/rt_Robin.o
 .ARM.exidx.text.rt_chk_robin
                0x000000000800638c        0x8 .objs/CMSIS-SP-00300-r4p5-00rel0/CMSIS/RTOS/RTX/SRC/rt_Robin.o
 .ARM.exidx.text.rt_sem_psh
                0x0000000008006394        0x8 .objs/CMSIS-SP-00300-r4p5-00rel0/CMSIS/RTOS/RTX/SRC/rt_Semaphore.o
 .ARM.exidx.text.rt_systick_init
                0x000000000800639c        0x8 .objs/CMSIS-SP-00300-r4p5-00rel0/CMSIS/RTOS/RTX/SRC/rt_System.o
 .ARM.exidx.text.rt_psh_req
                0x00000000080063a4        0x0 .objs/CMSIS-SP-00300-r4p5-00rel0/CMSIS/RTOS/RTX/SRC/rt_System.o
                                          0x8 (size before relaxing)
 .ARM.exidx.text.rt_pop_req
                0x00000000080063a4        0x8 .objs/CMSIS-SP-00300-r4p5-00rel0/CMSIS/RTOS/RTX/SRC/rt_System.o
 .ARM.exidx.text.os_tick_init
                0x00000000080063ac        0x8 .objs/CMSIS-SP-00300-r4p5-00rel0/CMSIS/RTOS/RTX/SRC/rt_System.o
 .ARM.exidx.text.os_tick_irqack
                0x00000000080063b4        0x8 .objs/CMSIS-SP-00300-r4p5-00rel0/CMSIS/RTOS/RTX/SRC/rt_System.o
 .ARM.exidx.text.rt_systick
                0x00000000080063bc        0x8 .objs/CMSIS-SP-00300-r4p5-00rel0/CMSIS/RTOS/RTX/SRC/rt_System.o
 .ARM.exidx.text.rt_stk_check
                0x00000000080063c4        0x8 .objs/CMSIS-SP-00300-r4p5-00rel0/CMSIS/RTOS/RTX/SRC/rt_System.o
 .ARM.exidx.text.rt_svc_init
                0x00000000080063cc        0x8 .objs/CMSIS-SP-00300-r4p5-00rel0/CMSIS/RTOS/RTX/SRC/rt_Task.o
 .ARM.exidx.text.rt_get_TID
                0x00000000080063d4        0x8 .objs/CMSIS-SP-00300-r4p5-00rel0/CMSIS/RTOS/RTX/SRC/rt_Task.o
 .ARM.exidx.text.rt_init_context
                0x00000000080063dc        0x8 .objs/CMSIS-SP-00300-r4p5-00rel0/CMSIS/RTOS/RTX/SRC/rt_Task.o
 .ARM.exidx.text.rt_switch_req
                0x00000000080063e4        0x8 .objs/CMSIS-SP-00300-r4p5-00rel0/CMSIS/RTOS/RTX/SRC/rt_Task.o
 .ARM.exidx.text.rt_dispatch
                0x00000000080063ec        0x8 .objs/CMSIS-SP-00300-r4p5-00rel0/CMSIS/RTOS/RTX/SRC/rt_Task.o
 .ARM.exidx.text.rt_block
                0x00000000080063f4        0x8 .objs/CMSIS-SP-00300-r4p5-00rel0/CMSIS/RTOS/RTX/SRC/rt_Task.o
 .ARM.exidx.text.rt_tsk_pass
                0x00000000080063fc        0x8 .objs/CMSIS-SP-00300-r4p5-00rel0/CMSIS/RTOS/RTX/SRC/rt_Task.o
 .ARM.exidx.text.rt_tsk_self
                0x0000000008006404        0x8 .objs/CMSIS-SP-00300-r4p5-00rel0/CMSIS/RTOS/RTX/SRC/rt_Task.o
 .ARM.exidx.text.rt_tsk_prio
                0x000000000800640c        0x8 .objs/CMSIS-SP-00300-r4p5-00rel0/CMSIS/RTOS/RTX/SRC/rt_Task.o
 .ARM.exidx.text.rt_tsk_create
                0x0000000008006414        0x8 .objs/CMSIS-SP-00300-r4p5-00rel0/CMSIS/RTOS/RTX/SRC/rt_Task.o
 .ARM.exidx.text.rt_tsk_delete
                0x000000000800641c        0x8 .objs/CMSIS-SP-00300-r4p5-00rel0/CMSIS/RTOS/RTX/SRC/rt_Task.o
 .ARM.exidx.text.rt_sys_init
                0x0000000008006424        0x8 .objs/CMSIS-SP-00300-r4p5-00rel0/CMSIS/RTOS/RTX/SRC/rt_Task.o
 .ARM.exidx.text.rt_sys_start
                0x000000000800642c        0x8 .objs/CMSIS-SP-00300-r4p5-00rel0/CMSIS/RTOS/RTX/SRC/rt_Task.o
 .ARM.exidx.text.rt_dly_wait
                0x0000000008006434        0x8 .objs/CMSIS-SP-00300-r4p5-00rel0/CMSIS/RTOS/RTX/SRC/rt_Time.o
 .ARM.exidx.text.arm_sin_f32
                0x000000000800643c        0x8 .objs/CMSIS-SP-00300-r4p5-00rel0/CMSIS/DSP_Lib/Source/FastMathFunctions/arm_sin_f32.o
 .ARM.exidx.text.os_idle_demon
                0x0000000008006444        0x8 .objs/main.o
 .ARM.exidx.text.os_error
                0x000000000800644c        0x8 .objs/main.o
 .ARM.exidx.text.NMI_Handler
                0x0000000008006454        0x8 .objs/main.o
 .ARM.exidx.text.HardFault_Handler
                0x000000000800645c        0x0 .objs/main.o
                                          0x8 (size before relaxing)
 .ARM.exidx.text.MemManage_Handler
                0x000000000800645c        0x0 .objs/main.o
                                          0x8 (size before relaxing)
 .ARM.exidx.text.BusFault_Handler
                0x000000000800645c        0x0 .objs/main.o
                                          0x8 (size before relaxing)
 .ARM.exidx.text.UsageFault_Handler
                0x000000000800645c        0x0 .objs/main.o
                                          0x8 (size before relaxing)
 .ARM.exidx.text.DebugMon_Handler
                0x000000000800645c        0x0 .objs/main.o
                                          0x8 (size before relaxing)
 .ARM.exidx.text.WWDG_IRQHandler
                0x000000000800645c        0x0 .objs/main.o
                                          0x8 (size before relaxing)
 .ARM.exidx.text.PVD_IRQHandler
                0x000000000800645c        0x0 .objs/main.o
                                          0x8 (size before relaxing)
 .ARM.exidx.text.TAMPER_STAMP_IRQHandler
                0x000000000800645c        0x0 .objs/main.o
                                          0x8 (size before relaxing)
 .ARM.exidx.text.RTC_WKUP_IRQHandler
                0x000000000800645c        0x0 .objs/main.o
                                          0x8 (size before relaxing)
 .ARM.exidx.text.FLASH_IRQHandler
                0x000000000800645c        0x0 .objs/main.o
                                          0x8 (size before relaxing)
 .ARM.exidx.text.RCC_IRQHandler
                0x000000000800645c        0x0 .objs/main.o
                                          0x8 (size before relaxing)
 .ARM.exidx.text.EXTI0_IRQHandler
                0x000000000800645c        0x0 .objs/main.o
                                          0x8 (size before relaxing)
 .ARM.exidx.text.EXTI1_IRQHandler
                0x000000000800645c        0x0 .objs/main.o
                                          0x8 (size before relaxing)
 .ARM.exidx.text.EXTI2_TS_IRQHandler
                0x000000000800645c        0x0 .objs/main.o
                                          0x8 (size before relaxing)
 .ARM.exidx.text.EXTI3_IRQHandler
                0x000000000800645c        0x0 .objs/main.o
                                          0x8 (size before relaxing)
 .ARM.exidx.text.EXTI4_IRQHandler
                0x000000000800645c        0x0 .objs/main.o
                                          0x8 (size before relaxing)
 .ARM.exidx.text.DMA1_Channel1_IRQHandler
                0x000000000800645c        0x0 .objs/main.o
                                          0x8 (size before relaxing)
 .ARM.exidx.text.DMA1_Channel2_IRQHandler
                0x000000000800645c        0x0 .objs/main.o
                                          0x8 (size before relaxing)
 .ARM.exidx.text.DMA1_Channel3_IRQHandler
                0x000000000800645c        0x0 .objs/main.o
                                          0x8 (size before relaxing)
 .ARM.exidx.text.DMA1_Channel4_IRQHandler
                0x000000000800645c        0x0 .objs/main.o
                                          0x8 (size before relaxing)
 .ARM.exidx.text.DMA1_Channel5_IRQHandler
                0x000000000800645c        0x0 .objs/main.o
                                          0x8 (size before relaxing)
 .ARM.exidx.text.DMA1_Channel6_IRQHandler
                0x000000000800645c        0x0 .objs/main.o
                                          0x8 (size before relaxing)
 .ARM.exidx.text.ADC1_2_IRQHandler
                0x000000000800645c        0x0 .objs/main.o
                                          0x8 (size before relaxing)
 .ARM.exidx.text.USB_HP_CAN1_TX_IRQHandler
                0x000000000800645c        0x0 .objs/main.o
                                          0x8 (size before relaxing)
 .ARM.exidx.text.USB_LP_CAN1_RX0_IRQHandler
                0x000000000800645c        0x0 .objs/main.o
                                          0x8 (size before relaxing)
 .ARM.exidx.text.CAN1_RX1_IRQHandler
                0x000000000800645c        0x0 .objs/main.o
                                          0x8 (size before relaxing)
 .ARM.exidx.text.CAN1_SCE_IRQHandler
                0x000000000800645c        0x0 .objs/main.o
                                          0x8 (size before relaxing)
 .ARM.exidx.text.EXTI9_5_IRQHandler
                0x000000000800645c        0x0 .objs/main.o
                                          0x8 (size before relaxing)
 .ARM.exidx.text.TIM1_BRK_TIM15_IRQHandler
                0x000000000800645c        0x0 .objs/main.o
                                          0x8 (size before relaxing)
 .ARM.exidx.text.TIM1_UP_TIM16_IRQHandler
                0x000000000800645c        0x0 .objs/main.o
                                          0x8 (size before relaxing)
 .ARM.exidx.text.TIM1_TRG_COM_TIM17_IRQHandler
                0x000000000800645c        0x0 .objs/main.o
                                          0x8 (size before relaxing)
 .ARM.exidx.text.TIM1_CC_IRQHandler
                0x000000000800645c        0x0 .objs/main.o
                                          0x8 (size before relaxing)
 .ARM.exidx.text.TIM4_IRQHandler
                0x000000000800645c        0x0 .objs/main.o
                                          0x8 (size before relaxing)
 .ARM.exidx.text.TIM3_IRQHandler
                0x000000000800645c        0x0 .objs/main.o
                                          0x8 (size before relaxing)
 .ARM.exidx.text.TIM2_IRQHandler
                0x000000000800645c        0x0 .objs/main.o
                                          0x8 (size before relaxing)
 .ARM.exidx.text.I2C1_EV_IRQHandler
                0x000000000800645c        0x0 .objs/main.o
                                          0x8 (size before relaxing)
 .ARM.exidx.text.I2C1_ER_IRQHandler
                0x000000000800645c        0x0 .objs/main.o
                                          0x8 (size before relaxing)
 .ARM.exidx.text.I2C2_EV_IRQHandler
                0x000000000800645c        0x0 .objs/main.o
                                          0x8 (size before relaxing)
 .ARM.exidx.text.I2C2_ER_IRQHandler
                0x000000000800645c        0x0 .objs/main.o
                                          0x8 (size before relaxing)
 .ARM.exidx.text.SPI1_IRQHandler
                0x000000000800645c        0x0 .objs/main.o
                                          0x8 (size before relaxing)
 .ARM.exidx.text.SPI2_IRQHandler
                0x000000000800645c        0x0 .objs/main.o
                                          0x8 (size before relaxing)
 .ARM.exidx.text.USART2_IRQHandler
                0x000000000800645c        0x0 .objs/main.o
                                          0x8 (size before relaxing)
 .ARM.exidx.text.USART3_IRQHandler
                0x000000000800645c        0x0 .objs/main.o
                                          0x8 (size before relaxing)
 .ARM.exidx.text.EXTI15_10_IRQHandler
                0x000000000800645c        0x0 .objs/main.o
                                          0x8 (size before relaxing)
 .ARM.exidx.text.RTC_Alarm_IRQHandler
                0x000000000800645c        0x0 .objs/main.o
                                          0x8 (size before relaxing)
 .ARM.exidx.text.USBWakeUp_IRQHandler
                0x000000000800645c        0x0 .objs/main.o
                                          0x8 (size before relaxing)
 .ARM.exidx.text.TIM8_BRK_IRQHandler
                0x000000000800645c        0x0 .objs/main.o
                                          0x8 (size before relaxing)
 .ARM.exidx.text.TIM8_UP_IRQHandler
                0x000000000800645c        0x0 .objs/main.o
                                          0x8 (size before relaxing)
 .ARM.exidx.text.TIM8_TRG_COM_IRQHandler
                0x000000000800645c        0x0 .objs/main.o
                                          0x8 (size before relaxing)